Archive member included to satisfy reference by file (symbol)

C:/v1.8.0/toolchain/segger_embedded_studio/lib/libc_v7em_fpv4_sp_d16_hard_t_le_eabi.a(libc2_asm.o)
                              Output/Release/Obj/blinky_FreeRTOS_pca10056/queue.o (memcpy)
C:/v1.8.0/toolchain/segger_embedded_studio/lib/libc_v7em_fpv4_sp_d16_hard_t_le_eabi.a(libvfprintf.o)
                              (__vfprintf_long)
C:/v1.8.0/toolchain/segger_embedded_studio/lib/libc_v7em_fpv4_sp_d16_hard_t_le_eabi.a(libvfscanf.o)
                              (__vfscanf_long)
C:/v1.8.0/toolchain/segger_embedded_studio/lib/libc_v7em_fpv4_sp_d16_hard_t_le_eabi.a(libc_asm.o)
                              C:/v1.8.0/toolchain/segger_embedded_studio/lib/libc_v7em_fpv4_sp_d16_hard_t_le_eabi.a(libvfprintf.o) (__aeabi_uldivmod)
C:/v1.8.0/toolchain/segger_embedded_studio/lib/libc_v7em_fpv4_sp_d16_hard_t_le_eabi.a(libc2.o)
                              C:/v1.8.0/toolchain/segger_embedded_studio/lib/libc_v7em_fpv4_sp_d16_hard_t_le_eabi.a(libvfscanf.o) (__getc)
C:/v1.8.0/toolchain/segger_embedded_studio/lib/libc_v7em_fpv4_sp_d16_hard_t_le_eabi.a(libc.o)
                              C:/v1.8.0/toolchain/segger_embedded_studio/lib/libc_v7em_fpv4_sp_d16_hard_t_le_eabi.a(libc2.o) (__heap_lock)
C:/v1.8.0/toolchain/segger_embedded_studio/lib/libdebugio_v7em_fpv4_sp_d16_hard_t_le_eabi.a(libdebugio.o)
                              Output/Release/Obj/blinky_FreeRTOS_pca10056/thumb_crt0.o (debug_fopen)
C:/v1.8.0/toolchain/segger_embedded_studio/lib/libdebugio_v7em_fpv4_sp_d16_hard_t_le_eabi.a(do_nv_debug_operation.o)
                              C:/v1.8.0/toolchain/segger_embedded_studio/lib/libdebugio_v7em_fpv4_sp_d16_hard_t_le_eabi.a(libdebugio.o) (__do_nvdebug_operation)
C:/v1.8.0/toolchain/segger_embedded_studio/lib/libdebugio_v7em_fpv4_sp_d16_hard_t_le_eabi.a(mempoll_debug_operations.o)
                              (__do_debug_operation_mempoll)
C:/v1.8.0/toolchain/segger_embedded_studio/lib/libm_v7em_fpv4_sp_d16_hard_t_le_eabi.a(libm_asm.o)
                              C:/v1.8.0/toolchain/segger_embedded_studio/lib/libc_v7em_fpv4_sp_d16_hard_t_le_eabi.a(libvfprintf.o) (__aeabi_dadd)
C:/v1.8.0/toolchain/segger_embedded_studio/lib/libm_v7em_fpv4_sp_d16_hard_t_le_eabi.a(libm2.o)
                              C:/v1.8.0/toolchain/segger_embedded_studio/lib/libc_v7em_fpv4_sp_d16_hard_t_le_eabi.a(libvfprintf.o) (frexp)

Discarded input sections

 .text          0x0000000000000000        0x0 Output/Release/Obj/blinky_FreeRTOS_pca10056/thumb_crt0.o
 .data          0x0000000000000000        0x0 Output/Release/Obj/blinky_FreeRTOS_pca10056/thumb_crt0.o
 .bss           0x0000000000000000        0x0 Output/Release/Obj/blinky_FreeRTOS_pca10056/thumb_crt0.o
 .text.__aeabi_read_tp
                0x0000000000000000        0x8 Output/Release/Obj/blinky_FreeRTOS_pca10056/thumb_crt0.o
 .text.abort    0x0000000000000000        0x2 Output/Release/Obj/blinky_FreeRTOS_pca10056/thumb_crt0.o
 .text.__assert
                0x0000000000000000        0x2 Output/Release/Obj/blinky_FreeRTOS_pca10056/thumb_crt0.o
 .text.__assert_func
                0x0000000000000000        0x2 Output/Release/Obj/blinky_FreeRTOS_pca10056/thumb_crt0.o
 .text.__aeabi_assert
                0x0000000000000000        0x2 Output/Release/Obj/blinky_FreeRTOS_pca10056/thumb_crt0.o
 .text.__sync_synchronize
                0x0000000000000000        0x2 Output/Release/Obj/blinky_FreeRTOS_pca10056/thumb_crt0.o
 .text.__getchar
                0x0000000000000000        0x4 Output/Release/Obj/blinky_FreeRTOS_pca10056/thumb_crt0.o
 .text.__putchar
                0x0000000000000000        0x4 Output/Release/Obj/blinky_FreeRTOS_pca10056/thumb_crt0.o
 .text.__open   0x0000000000000000        0x4 Output/Release/Obj/blinky_FreeRTOS_pca10056/thumb_crt0.o
 .text.__close  0x0000000000000000        0x4 Output/Release/Obj/blinky_FreeRTOS_pca10056/thumb_crt0.o
 .text.__write  0x0000000000000000        0xa Output/Release/Obj/blinky_FreeRTOS_pca10056/thumb_crt0.o
 .text.__read   0x0000000000000000        0xa Output/Release/Obj/blinky_FreeRTOS_pca10056/thumb_crt0.o
 .text.__seek   0x0000000000000000       0x1a Output/Release/Obj/blinky_FreeRTOS_pca10056/thumb_crt0.o
 .text.remove   0x0000000000000000        0x4 Output/Release/Obj/blinky_FreeRTOS_pca10056/thumb_crt0.o
 .text.rename   0x0000000000000000        0x4 Output/Release/Obj/blinky_FreeRTOS_pca10056/thumb_crt0.o
 .bss.__user_locale_name_buffer
                0x0000000000000000        0x4 Output/Release/Obj/blinky_FreeRTOS_pca10056/thumb_crt0.o
 .stack         0x0000000000000000        0x0 Output/Release/Obj/blinky_FreeRTOS_pca10056/thumb_crt0.o
 .stack_process
                0x0000000000000000        0x0 Output/Release/Obj/blinky_FreeRTOS_pca10056/thumb_crt0.o
 .heap          0x0000000000000000        0x0 Output/Release/Obj/blinky_FreeRTOS_pca10056/thumb_crt0.o
 .group         0x0000000000000000        0xc Output/Release/Obj/blinky_FreeRTOS_pca10056/nrf_log_frontend.o
[...]
Memory Configuration

Name             Origin             Length             Attributes
UNPLACED_SECTIONS 0x0000000100000000 0x0000000000000000 xw
RAM              0x0000000020000000 0x0000000000040000 xw
FLASH            0x0000000000000000 0x0000000000100000 xw
*default*        0x0000000000000000 0xffffffffffffffff

Linker script and memory map

                0x0000000000000000                __do_debug_operation = __do_debug_operation_mempoll
                0x0000000000000000                __vfprintf = __vfprintf_long
                0x0000000000000000                __vfscanf = __vfscanf_long
                0x0000000020000000                __RAM_segment_start__ = 0x20000000
                0x0000000020040000                __RAM_segment_end__ = 0x20040000
                0x0000000000040000                __RAM_segment_size__ = 0x40000
                0x0000000000000000                __FLASH_segment_start__ = 0x0
                0x0000000000100000                __FLASH_segment_end__ = 0x100000
                0x0000000000100000                __FLASH_segment_size__ = 0x100000
                0x0000000000002000                __HEAPSIZE__ = 0x2000
                0x0000000000000000                __STACKSIZE_PROCESS__ = 0x0
                0x0000000000002000                __STACKSIZE__ = 0x2000
                0x0000000020000000                __vectors_ram_load_start__ = 0x20000000

.vectors_ram    0x0000000020000000        0x0
                0x0000000020000000                __vectors_ram_start__ = .
                0x0000000020000000                __app_ram_start__ = __vectors_ram_start__
 *(.vectors_ram .vectors_ram.*)
                0x0000000020000000                __vectors_ram_end__ = (__vectors_ram_start__ + SIZEOF (.vectors_ram))
                0x0000000000000000                __vectors_ram_size__ = SIZEOF (.vectors_ram)
                0x0000000020000000                __vectors_ram_load_end__ = __vectors_ram_end__
                0x0000000000000001                . = ASSERT (((__vectors_ram_start__ == __vectors_ram_end__) || ((__vectors_ram_end__ - __RAM_segment_start__) <= __RAM_segment_size__)), error: .vectors_ram is too large to fit in RAM memory segment)
                0x0000000020000000                __nrf_sections_run_load_start__ = ALIGN (__vectors_ram_end__, 0x4)

.nrf_sections_run
                0x0000000020000000        0x0
                0x0000000020000000                __nrf_sections_run_start__ = .
                0x0000000020000000                __start_nrf_sections_run = __nrf_sections_run_start__
 *(.nrf_sections_run .nrf_sections_run.*)
                0x0000000020000000                __nrf_sections_run_end__ = (__nrf_sections_run_start__ + SIZEOF (.nrf_sections_run))
                0x0000000000000000                __nrf_sections_run_size__ = SIZEOF (.nrf_sections_run)
                0x0000000020000000                __nrf_sections_run_load_end__ = __nrf_sections_run_end__
                0x0000000000000001                . = ASSERT (((__nrf_sections_run_start__ == __nrf_sections_run_end__) || ((__nrf_sections_run_end__ - __RAM_segment_start__) <= __RAM_segment_size__)), error: .nrf_sections_run is too large to fit in RAM memory segment)
                0x0000000000000000                __vectors_load_start__ = 0x0

.vectors        0x0000000000000000      0x200
                0x0000000000000000                __vectors_start__ = .
 *(.vectors .vectors.*)
 .vectors       0x0000000000000000      0x200 Output/Release/Obj/blinky_FreeRTOS_pca10056/ses_startup_nrf52840.o
                0x0000000000000000                _vectors
                0x0000000000000200                __vectors_end__ = (__vectors_start__ + SIZEOF (.vectors))
                0x0000000000000200                __vectors_size__ = SIZEOF (.vectors)
                0x0000000000000200                __vectors_load_end__ = __vectors_end__
                0x0000000000000001                . = ASSERT (((__vectors_start__ == __vectors_end__) || ((__vectors_end__ - __FLASH_segment_start__) <= __FLASH_segment_size__)), error: .vectors is too large to fit in FLASH memory segment)
                0x0000000000000200                __init_load_start__ = ALIGN (__vectors_end__, 0x4)

.init           0x0000000000000200      0x1d0
                0x0000000000000200                __init_start__ = .
 *(.init .init.*)
 .init          0x0000000000000200      0x15c Output/Release/Obj/blinky_FreeRTOS_pca10056/thumb_crt0.o
                0x0000000000000200                _start
                0x00000000000002b4                exit
 .init          0x000000000000035c       0x18 Output/Release/Obj/blinky_FreeRTOS_pca10056/ses_startup_nrf52840.o
                0x000000000000035c                NMI_Handler
                0x000000000000035e                HardFault_Handler
                0x0000000000000360                MemoryManagement_Handler
                0x0000000000000362                BusFault_Handler
                0x0000000000000364                UsageFault_Handler
                0x0000000000000368                DebugMon_Handler
                0x000000000000036c                SysTick_Handler
                0x000000000000036e                SWI2_EGU2_IRQHandler
                0x000000000000036e                PWM1_IRQHandler
                0x000000000000036e                RTC0_IRQHandler
                0x000000000000036e                RADIO_IRQHandler
                0x000000000000036e                PDM_IRQHandler
                0x000000000000036e                QSPI_IRQHandler
                0x000000000000036e                QDEC_IRQHandler
                0x000000000000036e                TIMER3_IRQHandler
                0x000000000000036e                PWM3_IRQHandler
                0x000000000000036e                FPU_IRQHandler
                0x000000000000036e                USBD_IRQHandler
                0x000000000000036e                SPIM0_SPIS0_TWIM0_TWIS0_SPI0_TWI0_IRQHandler
                0x000000000000036e                TEMP_IRQHandler
                0x000000000000036e                UARTE0_UART0_IRQHandler
                0x000000000000036e                TIMER4_IRQHandler
                0x000000000000036e                SWI0_EGU0_IRQHandler
                0x000000000000036e                I2S_IRQHandler
                0x000000000000036e                SWI4_EGU4_IRQHandler
                0x000000000000036e                TIMER0_IRQHandler
                0x000000000000036e                UARTE1_IRQHandler
                0x000000000000036e                Dummy_Handler
                0x000000000000036e                TIMER1_IRQHandler
                0x000000000000036e                SPIM3_IRQHandler
                0x000000000000036e                PWM2_IRQHandler
                0x000000000000036e                ECB_IRQHandler
                0x000000000000036e                SPIM1_SPIS1_TWIM1_TWIS1_SPI1_TWI1_IRQHandler
                0x000000000000036e                SAADC_IRQHandler
                0x000000000000036e                CCM_AAR_IRQHandler
                0x000000000000036e                WDT_IRQHandler
                0x000000000000036e                SWI5_EGU5_IRQHandler
                0x000000000000036e                RNG_IRQHandler
                0x000000000000036e                RTC2_IRQHandler
                0x000000000000036e                PWM0_IRQHandler
                0x000000000000036e                SWI3_EGU3_IRQHandler
                0x000000000000036e                SWI1_EGU1_IRQHandler
                0x000000000000036e                SPIM2_SPIS2_SPI2_IRQHandler
                0x000000000000036e                NFCT_IRQHandler
                0x000000000000036e                CRYPTOCELL_IRQHandler
                0x000000000000036e                MWU_IRQHandler
                0x000000000000036e                TIMER2_IRQHandler
                0x000000000000036e                COMP_LPCOMP_IRQHandler
                0x0000000000000370                nRFInitialize
 .init          0x0000000000000374       0x5c Output/Release/Obj/blinky_FreeRTOS_pca10056/ses_startup_nrf_common.o
                0x0000000000000374                Reset_Handler
                0x0000000000000378                afterInitialize
                0x000000000000039c                InitializeUserMemorySections
                0x00000000000003d0                __init_end__ = (__init_start__ + SIZEOF (.init))
                0x00000000000001d0                __init_size__ = SIZEOF (.init)
                0x00000000000003d0                __init_load_end__ = __init_end__
                0x0000000000000001                . = ASSERT (((__init_start__ == __init_end__) || ((__init_end__ - __FLASH_segment_start__) <= __FLASH_segment_size__)), error: .init is too large to fit in FLASH memory segment)
                0x00000000000003d0                __init_rodata_load_start__ = ALIGN (__init_end__, 0x4)

.init_rodata    0x00000000000003d0        0x0
                0x00000000000003d0                __init_rodata_start__ = .
 *(.init_rodata .init_rodata.*)
                0x00000000000003d0                __init_rodata_end__ = (__init_rodata_start__ + SIZEOF (.init_rodata))
                0x0000000000000000                __init_rodata_size__ = SIZEOF (.init_rodata)
                0x00000000000003d0                __init_rodata_load_end__ = __init_rodata_end__
                0x0000000000000001                . = ASSERT (((__init_rodata_start__ == __init_rodata_end__) || ((__init_rodata_end__ - __FLASH_segment_start__) <= __FLASH_segment_size__)), error: .init_rodata is too large to fit in FLASH memory segment)
                0x00000000000003d0                __text_load_start__ = ALIGN (__init_rodata_end__, 0x4)

.text           0x00000000000003d0     0x1b40
                0x00000000000003d0                __text_start__ = .
 *(.text .text.* .glue_7t .glue_7 .gnu.linkonce.t.* .gcc_except_table .ARM.extab* .gnu.linkonce.armextab.*)
 .glue_7        0x00000000000003d0        0x0 linker stubs
 .glue_7t       0x00000000000003d0        0x0 linker stubs
 .text.bsp_board_led_off
                0x00000000000003d0       0x28 Output/Release/Obj/blinky_FreeRTOS_pca10056/boards.o
                0x00000000000003d0                bsp_board_led_off
 .text.bsp_board_leds_off
                0x00000000000003f8       0x1e Output/Release/Obj/blinky_FreeRTOS_pca10056/boards.o
                0x00000000000003f8                bsp_board_leds_off
 *fill*         0x0000000000000416        0x2 
 .text.bsp_board_led_invert
                0x0000000000000418       0x34 Output/Release/Obj/blinky_FreeRTOS_pca10056/boards.o
                0x0000000000000418                bsp_board_led_invert
 .text.bsp_board_init
                0x000000000000044c       0x3e Output/Release/Obj/blinky_FreeRTOS_pca10056/boards.o
                0x000000000000044c                bsp_board_init
 *fill*         0x000000000000048a        0x2 
 .text.pvPortMalloc
                0x000000000000048c       0x50 Output/Release/Obj/blinky_FreeRTOS_pca10056/heap_1.o
                0x000000000000048c                pvPortMalloc
 .text.vPortFree
                0x00000000000004dc        0x2 Output/Release/Obj/blinky_FreeRTOS_pca10056/heap_1.o
                0x00000000000004dc                vPortFree
 .text.vListInitialise
                0x00000000000004de       0x16 Output/Release/Obj/blinky_FreeRTOS_pca10056/list.o
                0x00000000000004de                vListInitialise
 .text.vListInitialiseItem
                0x00000000000004f4        0x6 Output/Release/Obj/blinky_FreeRTOS_pca10056/list.o
                0x00000000000004f4                vListInitialiseItem
 .text.vListInsertEnd
                0x00000000000004fa       0x18 Output/Release/Obj/blinky_FreeRTOS_pca10056/list.o
                0x00000000000004fa                vListInsertEnd
 .text.vListInsert
                0x0000000000000512       0x2e Output/Release/Obj/blinky_FreeRTOS_pca10056/list.o
                0x0000000000000512                vListInsert
 .text.uxListRemove
                0x0000000000000540       0x20 Output/Release/Obj/blinky_FreeRTOS_pca10056/list.o
                0x0000000000000540                uxListRemove
 .text.vPortStartFirstTask
                0x0000000000000560       0x1c Output/Release/Obj/blinky_FreeRTOS_pca10056/port.o
                0x0000000000000560                vPortStartFirstTask
 .text.SVC_Handler
                0x000000000000057c       0x20 Output/Release/Obj/blinky_FreeRTOS_pca10056/port.o
                0x000000000000057c                SVC_Handler
 .text.PendSV_Handler
                0x000000000000059c       0x60 Output/Release/Obj/blinky_FreeRTOS_pca10056/port.o
                0x000000000000059c                PendSV_Handler
 .text.prvTaskExitError
                0x00000000000005fc        0x8 Output/Release/Obj/blinky_FreeRTOS_pca10056/port_cmsis.o
 .text.pxPortInitialiseStack
                0x0000000000000604       0x24 Output/Release/Obj/blinky_FreeRTOS_pca10056/port_cmsis.o
                0x0000000000000604                pxPortInitialiseStack
 .text.xPortStartScheduler
                0x0000000000000628       0x4c Output/Release/Obj/blinky_FreeRTOS_pca10056/port_cmsis.o
                0x0000000000000628                xPortStartScheduler
 .text.vPortEnterCritical
                0x0000000000000674       0x14 Output/Release/Obj/blinky_FreeRTOS_pca10056/port_cmsis.o
                0x0000000000000674                vPortEnterCritical
 .text.vPortExitCritical
                0x0000000000000688       0x14 Output/Release/Obj/blinky_FreeRTOS_pca10056/port_cmsis.o
                0x0000000000000688                vPortExitCritical
 .text.RTC1_IRQHandler
                0x000000000000069c       0x70 Output/Release/Obj/blinky_FreeRTOS_pca10056/port_cmsis_systick.o
                0x000000000000069c                RTC1_IRQHandler
 .text.vPortSetupTimerInterrupt
                0x000000000000070c       0x38 Output/Release/Obj/blinky_FreeRTOS_pca10056/port_cmsis_systick.o
                0x000000000000070c                vPortSetupTimerInterrupt
 .text.vPortSuppressTicksAndSleep
                0x0000000000000744       0xb4 Output/Release/Obj/blinky_FreeRTOS_pca10056/port_cmsis_systick.o
                0x0000000000000744                vPortSuppressTicksAndSleep
 .text.prvIsQueueEmpty
                0x00000000000007f8       0x16 Output/Release/Obj/blinky_FreeRTOS_pca10056/queue.o
 .text.prvCopyDataToQueue
                0x000000000000080e       0x6a Output/Release/Obj/blinky_FreeRTOS_pca10056/queue.o
 .text.prvCopyDataFromQueue
                0x0000000000000878       0x2c Output/Release/Obj/blinky_FreeRTOS_pca10056/queue.o
 .text.prvUnlockQueue
                0x00000000000008a4       0x70 Output/Release/Obj/blinky_FreeRTOS_pca10056/queue.o
 .text.xQueueGenericReset
                0x0000000000000914       0x6c Output/Release/Obj/blinky_FreeRTOS_pca10056/queue.o
                0x0000000000000914                xQueueGenericReset
 .text.xQueueGenericCreate
                0x0000000000000980       0x2e Output/Release/Obj/blinky_FreeRTOS_pca10056/queue.o
                0x0000000000000980                xQueueGenericCreate
 *fill*         0x00000000000009ae        0x2 
 .text.xQueueGenericSend
                0x00000000000009b0      0x108 Output/Release/Obj/blinky_FreeRTOS_pca10056/queue.o
                0x00000000000009b0                xQueueGenericSend
 .text.xQueueGenericSendFromISR
                0x0000000000000ab8       0x5e Output/Release/Obj/blinky_FreeRTOS_pca10056/queue.o
                0x0000000000000ab8                xQueueGenericSendFromISR
 *fill*         0x0000000000000b16        0x2 
 .text.xQueueReceive
                0x0000000000000b18       0xf4 Output/Release/Obj/blinky_FreeRTOS_pca10056/queue.o
                0x0000000000000b18                xQueueReceive
 .text.vQueueAddToRegistry
                0x0000000000000c0c       0x1c Output/Release/Obj/blinky_FreeRTOS_pca10056/queue.o
                0x0000000000000c0c                vQueueAddToRegistry
 .text.vQueueWaitForMessageRestricted
                0x0000000000000c28       0x46 Output/Release/Obj/blinky_FreeRTOS_pca10056/queue.o
                0x0000000000000c28                vQueueWaitForMessageRestricted
 *fill*         0x0000000000000c6e        0x2 
 .text.prvAddCurrentTaskToDelayedList
                0x0000000000000c70       0x88 Output/Release/Obj/blinky_FreeRTOS_pca10056/tasks.o
 .text.prvGetExpectedIdleTime
                0x0000000000000cf8       0x3c Output/Release/Obj/blinky_FreeRTOS_pca10056/tasks.o
 .text.prvResetNextTaskUnblockTime
                0x0000000000000d34       0x24 Output/Release/Obj/blinky_FreeRTOS_pca10056/tasks.o
 .text.xTaskCreate
                0x0000000000000d58      0x1b0 Output/Release/Obj/blinky_FreeRTOS_pca10056/tasks.o
                0x0000000000000d58                xTaskCreate
 .text.vTaskStartScheduler
                0x0000000000000f08       0x60 Output/Release/Obj/blinky_FreeRTOS_pca10056/tasks.o
                0x0000000000000f08                vTaskStartScheduler
 .text.vTaskSuspendAll
                0x0000000000000f68       0x10 Output/Release/Obj/blinky_FreeRTOS_pca10056/tasks.o
                0x0000000000000f68                vTaskSuspendAll
 .text.xTaskGetTickCount
                0x0000000000000f78        0xc Output/Release/Obj/blinky_FreeRTOS_pca10056/tasks.o
                0x0000000000000f78                xTaskGetTickCount
 .text.vTaskStepTick
                0x0000000000000f84       0x10 Output/Release/Obj/blinky_FreeRTOS_pca10056/tasks.o
                0x0000000000000f84                vTaskStepTick
 .text.xTaskIncrementTick
                0x0000000000000f94       0xf0 Output/Release/Obj/blinky_FreeRTOS_pca10056/tasks.o
                0x0000000000000f94                xTaskIncrementTick
 .text.xTaskResumeAll
                0x0000000000001084       0xdc Output/Release/Obj/blinky_FreeRTOS_pca10056/tasks.o
                0x0000000000001084                xTaskResumeAll
 .text.vTaskDelay
                0x0000000000001160       0x30 Output/Release/Obj/blinky_FreeRTOS_pca10056/tasks.o
                0x0000000000001160                vTaskDelay
 .text.prvIdleTask
                0x0000000000001190       0x84 Output/Release/Obj/blinky_FreeRTOS_pca10056/tasks.o
 .text.vTaskSwitchContext
                0x0000000000001214       0x5c Output/Release/Obj/blinky_FreeRTOS_pca10056/tasks.o
                0x0000000000001214                vTaskSwitchContext
 .text.vTaskPlaceOnEventList
                0x0000000000001270       0x20 Output/Release/Obj/blinky_FreeRTOS_pca10056/tasks.o
                0x0000000000001270                vTaskPlaceOnEventList
 .text.vTaskPlaceOnEventListRestricted
                0x0000000000001290       0x28 Output/Release/Obj/blinky_FreeRTOS_pca10056/tasks.o
                0x0000000000001290                vTaskPlaceOnEventListRestricted
 .text.xTaskRemoveFromEventList
                0x00000000000012b8       0x78 Output/Release/Obj/blinky_FreeRTOS_pca10056/tasks.o
                0x00000000000012b8                xTaskRemoveFromEventList
 .text.vTaskInternalSetTimeOutState
                0x0000000000001330       0x18 Output/Release/Obj/blinky_FreeRTOS_pca10056/tasks.o
                0x0000000000001330                vTaskInternalSetTimeOutState
 .text.xTaskCheckForTimeOut
                0x0000000000001348       0x50 Output/Release/Obj/blinky_FreeRTOS_pca10056/tasks.o
                0x0000000000001348                xTaskCheckForTimeOut
 .text.vTaskMissedYield
                0x0000000000001398        0xc Output/Release/Obj/blinky_FreeRTOS_pca10056/tasks.o
                0x0000000000001398                vTaskMissedYield
 .text.eTaskConfirmSleepModeStatus
                0x00000000000013a4       0x34 Output/Release/Obj/blinky_FreeRTOS_pca10056/tasks.o
                0x00000000000013a4                eTaskConfirmSleepModeStatus
 .text.xTaskGetSchedulerState
                0x00000000000013d8       0x20 Output/Release/Obj/blinky_FreeRTOS_pca10056/tasks.o
                0x00000000000013d8                xTaskGetSchedulerState
 .text.xTaskPriorityDisinherit
                0x00000000000013f8       0x74 Output/Release/Obj/blinky_FreeRTOS_pca10056/tasks.o
                0x00000000000013f8                xTaskPriorityDisinherit
 .text.prvCheckForValidListAndQueue
                0x000000000000146c       0x58 Output/Release/Obj/blinky_FreeRTOS_pca10056/timers.o
 .text.prvInsertTimerInActiveList
                0x00000000000014c4       0x3c Output/Release/Obj/blinky_FreeRTOS_pca10056/timers.o
 .text.xTimerCreateTimerTask
                0x0000000000001500       0x38 Output/Release/Obj/blinky_FreeRTOS_pca10056/timers.o
                0x0000000000001500                xTimerCreateTimerTask
 .text.xTimerCreate
                0x0000000000001538       0x34 Output/Release/Obj/blinky_FreeRTOS_pca10056/timers.o
                0x0000000000001538                xTimerCreate
 .text.xTimerGenericCommand
                0x000000000000156c       0x44 Output/Release/Obj/blinky_FreeRTOS_pca10056/timers.o
                0x000000000000156c                xTimerGenericCommand
 .text.prvSampleTimeNow
                0x00000000000015b0       0x94 Output/Release/Obj/blinky_FreeRTOS_pca10056/timers.o
 .text.prvTimerTask
                0x0000000000001644      0x17c Output/Release/Obj/blinky_FreeRTOS_pca10056/timers.o
 .text.app_error_handler_bare
                0x00000000000017c0       0x1a Output/Release/Obj/blinky_FreeRTOS_pca10056/app_error.o
                0x00000000000017c0                app_error_handler_bare
 *fill*         0x00000000000017da        0x2 
 .text.app_error_fault_handler
                0x00000000000017dc       0x30 Output/Release/Obj/blinky_FreeRTOS_pca10056/app_error_weak.o
                0x00000000000017dc                app_error_fault_handler
 .text.app_util_disable_irq
                0x000000000000180c       0x10 Output/Release/Obj/blinky_FreeRTOS_pca10056/app_util_platform.o
                0x000000000000180c                app_util_disable_irq
 .text.app_util_enable_irq
                0x000000000000181c       0x14 Output/Release/Obj/blinky_FreeRTOS_pca10056/app_util_platform.o
                0x000000000000181c                app_util_enable_irq
 .text.app_util_critical_region_enter
                0x0000000000001830        0x4 Output/Release/Obj/blinky_FreeRTOS_pca10056/app_util_platform.o
                0x0000000000001830                app_util_critical_region_enter
 .text.app_util_critical_region_exit
                0x0000000000001834        0x4 Output/Release/Obj/blinky_FreeRTOS_pca10056/app_util_platform.o
                0x0000000000001834                app_util_critical_region_exit
 .text.clock_clk_started_notify
                0x0000000000001838       0x24 Output/Release/Obj/blinky_FreeRTOS_pca10056/nrf_drv_clock.o
 .text.clock_irq_handler
                0x000000000000185c       0x1c Output/Release/Obj/blinky_FreeRTOS_pca10056/nrf_drv_clock.o
 .text.nrf_drv_clock_init
                0x0000000000001878       0x30 Output/Release/Obj/blinky_FreeRTOS_pca10056/nrf_drv_clock.o
                0x0000000000001878                nrf_drv_clock_init
 .text.nrf_drv_clock_lfclk_request
                0x00000000000018a8       0x54 Output/Release/Obj/blinky_FreeRTOS_pca10056/nrf_drv_clock.o
                0x00000000000018a8                nrf_drv_clock_lfclk_request
 .text.nrfx_clock_init
                0x00000000000018fc       0x18 Output/Release/Obj/blinky_FreeRTOS_pca10056/nrfx_clock.o
                0x00000000000018fc                nrfx_clock_init
 .text.nrfx_clock_enable
                0x0000000000001914       0x24 Output/Release/Obj/blinky_FreeRTOS_pca10056/nrfx_clock.o
                0x0000000000001914                nrfx_clock_enable
 .text.nrfx_clock_lfclk_start
                0x0000000000001938       0x22 Output/Release/Obj/blinky_FreeRTOS_pca10056/nrfx_clock.o
                0x0000000000001938                nrfx_clock_lfclk_start
 *fill*         0x000000000000195a        0x2 
 .text.POWER_CLOCK_IRQHandler
                0x000000000000195c       0x64 Output/Release/Obj/blinky_FreeRTOS_pca10056/nrfx_clock.o
                0x000000000000195c                POWER_CLOCK_IRQHandler
 .text.nrf_gpiote_event_clear
                0x00000000000019c0       0x18 Output/Release/Obj/blinky_FreeRTOS_pca10056/nrfx_gpiote.o
 .text.nrf_gpio_pin_port_decode
                0x00000000000019d8       0x18 Output/Release/Obj/blinky_FreeRTOS_pca10056/nrfx_gpiote.o
 .text.nrf_gpio_cfg_sense_set
                0x00000000000019f0       0x2e Output/Release/Obj/blinky_FreeRTOS_pca10056/nrfx_gpiote.o
 .text.nrf_bitmask_bit_set
                0x0000000000001a1e       0x14 Output/Release/Obj/blinky_FreeRTOS_pca10056/nrfx_gpiote.o
 *fill*         0x0000000000001a32        0x2 
 .text.GPIOTE_IRQHandler
                0x0000000000001a34      0x1b4 Output/Release/Obj/blinky_FreeRTOS_pca10056/nrfx_gpiote.o
                0x0000000000001a34                GPIOTE_IRQHandler
 .text.led_toggle_timer_callback
                0x0000000000001be8        0x6 Output/Release/Obj/blinky_FreeRTOS_pca10056/main.o
 .text.led_toggle_task_function
                0x0000000000001bee       0x10 Output/Release/Obj/blinky_FreeRTOS_pca10056/main.o
 *fill*         0x0000000000001bfe        0x2 
 .text.startup.main
                0x0000000000001c00       0x80 Output/Release/Obj/blinky_FreeRTOS_pca10056/main.o
                0x0000000000001c00                main
 .text.errata_98
                0x0000000000001c80       0x1a Output/Release/Obj/blinky_FreeRTOS_pca10056/system_nrf52840.o
 *fill*         0x0000000000001c9a        0x2 
 .text.SystemInit
                0x0000000000001c9c      0x1bc Output/Release/Obj/blinky_FreeRTOS_pca10056/system_nrf52840.o
                0x0000000000001c9c                SystemInit
 .text.libc.memcpy
                0x0000000000001e58       0x52 C:/v1.8.0/toolchain/segger_embedded_studio/lib/libc_v7em_fpv4_sp_d16_hard_t_le_eabi.a(libc2_asm.o)
                0x0000000000001e58                __aeabi_memcpy
                0x0000000000001e58                memcpy
                0x0000000000001e64                __aeabi_memcpy8
                0x0000000000001e64                __aeabi_memcpy4
 .text.libc.memset
                0x0000000000001eaa       0x66 C:/v1.8.0/toolchain/segger_embedded_studio/lib/libc_v7em_fpv4_sp_d16_hard_t_le_eabi.a(libc2_asm.o)
                0x0000000000001eaa                memset
                0x0000000000001f10                __text_end__ = (__text_start__ + SIZEOF (.text))
                0x0000000000001b40                __text_size__ = SIZEOF (.text)
                0x0000000000001f10                __text_load_end__ = __text_end__

.vfp11_veneer   0x0000000100000000        0x0
 .vfp11_veneer  0x0000000100000000        0x0 linker stubs

.v4_bx          0x0000000100000000        0x0
 .v4_bx         0x0000000100000000        0x0 linker stubs

.iplt           0x0000000100000000        0x0
 .iplt          0x0000000100000000        0x0 Output/Release/Obj/blinky_FreeRTOS_pca10056/thumb_crt0.o
                0x0000000000000001                . = ASSERT (((__text_start__ == __text_end__) || ((__text_end__ - __FLASH_segment_start__) <= __FLASH_segment_size__)), error: .text is too large to fit in FLASH memory segment)
                0x0000000000001f10                __log_const_data_load_start__ = ALIGN (__text_end__, 0x4)

.log_const_data
                0x0000000000001f10        0x0
                0x0000000000001f10                __log_const_data_start__ = .
                0x0000000000001f10                __start_log_const_data = __log_const_data_start__
 *(SORT_BY_NAME(.log_const_data*))
                0x0000000000001f10                __log_const_data_end__ = (__log_const_data_start__ + SIZEOF (.log_const_data))
                0x0000000000000000                __log_const_data_size__ = SIZEOF (.log_const_data)
                0x0000000000001f10                __stop_log_const_data = __log_const_data_end__
                0x0000000000001f10                __log_const_data_load_end__ = __log_const_data_end__
                0x0000000000000001                . = ASSERT (((__log_const_data_start__ == __log_const_data_end__) || ((__log_const_data_end__ - __FLASH_segment_start__) <= __FLASH_segment_size__)), error: .log_const_data is too large to fit in FLASH memory segment)
                0x0000000000001f10                __log_backends_load_start__ = ALIGN (__log_const_data_end__, 0x4)

.log_backends   0x0000000000001f10        0x0
                0x0000000000001f10                __log_backends_start__ = .
                0x0000000000001f10                __start_log_backends = __log_backends_start__
 *(SORT_BY_NAME(.log_backends*))
                0x0000000000001f10                __log_backends_end__ = (__log_backends_start__ + SIZEOF (.log_backends))
                0x0000000000000000                __log_backends_size__ = SIZEOF (.log_backends)
                0x0000000000001f10                __stop_log_backends = __log_backends_end__
                0x0000000000001f10                __log_backends_load_end__ = __log_backends_end__
                0x0000000000000001                . = ASSERT (((__log_backends_start__ == __log_backends_end__) || ((__log_backends_end__ - __FLASH_segment_start__) <= __FLASH_segment_size__)), error: .log_backends is too large to fit in FLASH memory segment)
                0x0000000000001f10                __nrf_balloc_load_start__ = ALIGN (__log_backends_end__, 0x4)

.nrf_balloc     0x0000000000001f10        0x0
                0x0000000000001f10                __nrf_balloc_start__ = .
                0x0000000000001f10                __start_nrf_balloc = __nrf_balloc_start__
 *(.nrf_balloc*)
                0x0000000000001f10                __nrf_balloc_end__ = (__nrf_balloc_start__ + SIZEOF (.nrf_balloc))
                0x0000000000000000                __nrf_balloc_size__ = SIZEOF (.nrf_balloc)
                0x0000000000001f10                __stop_nrf_balloc = __nrf_balloc_end__
                0x0000000000001f10                __nrf_balloc_load_end__ = __nrf_balloc_end__
                0x0000000000000001                . = ASSERT (((__nrf_balloc_start__ == __nrf_balloc_end__) || ((__nrf_balloc_end__ - __FLASH_segment_start__) <= __FLASH_segment_size__)), error: .nrf_balloc is too large to fit in FLASH memory segment)
                0x0000000000001f10                __nrf_sections_load_start__ = ALIGN (__nrf_balloc_end__, 0x4)

.nrf_sections   0x0000000000001f10        0x0
                0x0000000000001f10                __nrf_sections_start__ = .
                0x0000000000001f10                __start_nrf_sections = __nrf_sections_start__
 *(.nrf_sections .nrf_sections.*)
                0x0000000000001f10                __nrf_sections_end__ = (__nrf_sections_start__ + SIZEOF (.nrf_sections))
                0x0000000000000000                __nrf_sections_size__ = SIZEOF (.nrf_sections)
                0x0000000000001f10                __nrf_sections_load_end__ = __nrf_sections_end__
                0x0000000000000001                . = ASSERT (((__nrf_sections_start__ == __nrf_sections_end__) || ((__nrf_sections_end__ - __FLASH_segment_start__) <= __FLASH_segment_size__)), error: .nrf_sections is too large to fit in FLASH memory segment)
                0x0000000000001f10                __log_dynamic_data_load_start__ = ALIGN (__nrf_sections_end__, 0x4)

.log_dynamic_data
                0x0000000020000000        0x0 load address 0x0000000000001f10
                0x0000000020000000                __log_dynamic_data_start__ = .
 *(SORT_BY_NAME(.log_dynamic_data*))
                0x0000000020000000                __log_dynamic_data_end__ = (__log_dynamic_data_start__ + SIZEOF (.log_dynamic_data))
                0x0000000000000000                __log_dynamic_data_size__ = SIZEOF (.log_dynamic_data)
                0x0000000000001f10                __log_dynamic_data_load_end__ = (__log_dynamic_data_load_start__ + SIZEOF (.log_dynamic_data))
                0x0000000000000001                . = ASSERT (((__log_dynamic_data_load_start__ == __log_dynamic_data_load_end__) || ((__log_dynamic_data_load_end__ - __FLASH_segment_start__) <= __FLASH_segment_size__)), error: .log_dynamic_data is too large to fit in FLASH memory segment)

.log_dynamic_data_run
                0x0000000020000000        0x0
                0x0000000020000000                __log_dynamic_data_run_start__ = .
                0x0000000020000000                __start_log_dynamic_data = __log_dynamic_data_run_start__
                0x0000000020000000                __log_dynamic_data_run_end__ = (__log_dynamic_data_run_start__ + SIZEOF (.log_dynamic_data))
                0x0000000000000000                __log_dynamic_data_run_size__ = (__log_dynamic_data_run_end__ - __log_dynamic_data_run_start__)
                0x0000000020000000                __stop_log_dynamic_data = __log_dynamic_data_run_end__
                0x0000000020000000                __log_dynamic_data_run_load_end__ = __log_dynamic_data_run_end__
                0x0000000000000001                . = ASSERT (((__log_dynamic_data_run_start__ == __log_dynamic_data_run_end__) || ((__log_dynamic_data_run_end__ - __RAM_segment_start__) <= __RAM_segment_size__)), error: .log_dynamic_data_run is too large to fit in RAM memory segment)
                0x0000000000001f10                __log_filter_data_load_start__ = ALIGN ((__log_dynamic_data_load_start__ + SIZEOF (.log_dynamic_data)), 0x4)

.log_filter_data
                0x0000000020000000        0x0 load address 0x0000000000001f10
                0x0000000020000000                __log_filter_data_start__ = .
 *(SORT_BY_NAME(.log_filter_data*))
                0x0000000020000000                __log_filter_data_end__ = (__log_filter_data_start__ + SIZEOF (.log_filter_data))
                0x0000000000000000                __log_filter_data_size__ = SIZEOF (.log_filter_data)
                0x0000000000001f10                __log_filter_data_load_end__ = (__log_filter_data_load_start__ + SIZEOF (.log_filter_data))
                0x0000000000000001                . = ASSERT (((__log_filter_data_load_start__ == __log_filter_data_load_end__) || ((__log_filter_data_load_end__ - __FLASH_segment_start__) <= __FLASH_segment_size__)), error: .log_filter_data is too large to fit in FLASH memory segment)

.log_filter_data_run
                0x0000000020000000        0x0
                0x0000000020000000                __log_filter_data_run_start__ = .
                0x0000000020000000                __start_log_filter_data = __log_filter_data_run_start__
                0x0000000020000000                __log_filter_data_run_end__ = (__log_filter_data_run_start__ + SIZEOF (.log_filter_data))
                0x0000000000000000                __log_filter_data_run_size__ = (__log_filter_data_run_end__ - __log_filter_data_run_start__)
                0x0000000020000000                __stop_log_filter_data = __log_filter_data_run_end__
                0x0000000020000000                __log_filter_data_run_load_end__ = __log_filter_data_run_end__
                0x0000000000000001                . = ASSERT (((__log_filter_data_run_start__ == __log_filter_data_run_end__) || ((__log_filter_data_run_end__ - __RAM_segment_start__) <= __RAM_segment_size__)), error: .log_filter_data_run is too large to fit in RAM memory segment)
                0x0000000020000000                __nrf_sections_run_end_load_start__ = ALIGN (__log_filter_data_run_end__, 0x4)

.nrf_sections_run_end
                0x0000000020000000        0x0
                0x0000000020000000                __nrf_sections_run_end_start__ = .
                0x0000000020000000                __end_nrf_sections_run = __nrf_sections_run_end_start__
 *(.nrf_sections_run_end .nrf_sections_run_end.*)
                0x0000000020000000                __nrf_sections_run_end_end__ = (__nrf_sections_run_end_start__ + SIZEOF (.nrf_sections_run_end))
                0x0000000000000000                __nrf_sections_run_end_size__ = SIZEOF (.nrf_sections_run_end)
                0x0000000020000000                __nrf_sections_run_end_load_end__ = __nrf_sections_run_end_end__
                0x0000000000000001                . = ASSERT (((__nrf_sections_run_end_start__ == __nrf_sections_run_end_end__) || ((__nrf_sections_run_end_end__ - __RAM_segment_start__) <= __RAM_segment_size__)), error: .nrf_sections_run_end is too large to fit in RAM memory segment)
                0x0000000000001f10                __dtors_load_start__ = ALIGN ((__log_filter_data_load_start__ + SIZEOF (.log_filter_data)), 0x4)

.dtors          0x0000000000001f10        0x0
                0x0000000000001f10                __dtors_start__ = .
 *(SORT_BY_NAME(.dtors.*))
 *(.dtors)
 *(.fini_array)
 *(SORT_BY_NAME(.fini_array.*))
                0x0000000000001f10                __dtors_end__ = (__dtors_start__ + SIZEOF (.dtors))
                0x0000000000000000                __dtors_size__ = SIZEOF (.dtors)
                0x0000000000001f10                __dtors_load_end__ = __dtors_end__
                0x0000000000000001                . = ASSERT (((__dtors_start__ == __dtors_end__) || ((__dtors_end__ - __FLASH_segment_start__) <= __FLASH_segment_size__)), error: .dtors is too large to fit in FLASH memory segment)
                0x0000000000001f10                __ctors_load_start__ = ALIGN (__dtors_end__, 0x4)

.ctors          0x0000000000001f10        0x0
                0x0000000000001f10                __ctors_start__ = .
 *(SORT_BY_NAME(.ctors.*))
 *(.ctors)
 *(.init_array)
 *(SORT_BY_NAME(.init_array.*))
                0x0000000000001f10                __ctors_end__ = (__ctors_start__ + SIZEOF (.ctors))
                0x0000000000000000                __ctors_size__ = SIZEOF (.ctors)
                0x0000000000001f10                __ctors_load_end__ = __ctors_end__
                0x0000000000000001                . = ASSERT (((__ctors_start__ == __ctors_end__) || ((__ctors_end__ - __FLASH_segment_start__) <= __FLASH_segment_size__)), error: .ctors is too large to fit in FLASH memory segment)
                0x0000000000001f10                __rodata_load_start__ = ALIGN (__ctors_end__, 0x4)

.rodata         0x0000000000001f10       0x20
                0x0000000000001f10                __rodata_start__ = .
 *(.rodata .rodata.* .gnu.linkonce.r.*)
 .rodata.m_board_led_list
                0x0000000000001f10        0x4 Output/Release/Obj/blinky_FreeRTOS_pca10056/boards.o
 .rodata.vTaskStartScheduler.str1.1
                0x0000000000001f14        0x5 Output/Release/Obj/blinky_FreeRTOS_pca10056/tasks.o
 .rodata.prvCheckForValidListAndQueue.str1.1
                0x0000000000001f19        0x5 Output/Release/Obj/blinky_FreeRTOS_pca10056/timers.o
 .rodata.xTimerCreateTimerTask.str1.1
                0x0000000000001f1e        0x8 Output/Release/Obj/blinky_FreeRTOS_pca10056/timers.o
 .rodata.main.str1.1
                0x0000000000001f26        0xa Output/Release/Obj/blinky_FreeRTOS_pca10056/main.o
                0x0000000000001f30                __rodata_end__ = (__rodata_start__ + SIZEOF (.rodata))
                0x0000000000000020                __rodata_size__ = SIZEOF (.rodata)
                0x0000000000001f30                __rodata_load_end__ = __rodata_end__

.rel.dyn        0x0000000000001f30        0x0
 .rel.iplt      0x0000000000001f30        0x0 Output/Release/Obj/blinky_FreeRTOS_pca10056/thumb_crt0.o
                0x0000000000000001                . = ASSERT (((__rodata_start__ == __rodata_end__) || ((__rodata_end__ - __FLASH_segment_start__) <= __FLASH_segment_size__)), error: .rodata is too large to fit in FLASH memory segment)
                0x0000000000001f30                __ARM.exidx_load_start__ = ALIGN (__rodata_end__, 0x4)

.ARM.exidx      0x0000000000001f30        0x0
                0x0000000000001f30                __ARM.exidx_start__ = .
                0x0000000000001f30                __exidx_start = __ARM.exidx_start__
 *(.ARM.exidx .ARM.exidx.*)
                0x0000000000001f30                __ARM.exidx_end__ = (__ARM.exidx_start__ + SIZEOF (.ARM.exidx))
                0x0000000000000000                __ARM.exidx_size__ = SIZEOF (.ARM.exidx)
                0x0000000000001f30                __exidx_end = __ARM.exidx_end__
                0x0000000000001f30                __ARM.exidx_load_end__ = __ARM.exidx_end__
                0x0000000000000001                . = ASSERT (((__ARM.exidx_start__ == __ARM.exidx_end__) || ((__ARM.exidx_end__ - __FLASH_segment_start__) <= __FLASH_segment_size__)), error: .ARM.exidx is too large to fit in FLASH memory segment)
                0x0000000000001f30                __fast_load_start__ = ALIGN (__ARM.exidx_end__, 0x4)

.fast           0x0000000020000000        0x0 load address 0x0000000000001f30
                0x0000000020000000                __fast_start__ = .
 *(.fast .fast.*)
                0x0000000020000000                __fast_end__ = (__fast_start__ + SIZEOF (.fast))
                0x0000000000000000                __fast_size__ = SIZEOF (.fast)
                0x0000000000001f30                __fast_load_end__ = (__fast_load_start__ + SIZEOF (.fast))
                0x0000000000000001                . = ASSERT (((__fast_load_start__ == __fast_load_end__) || ((__fast_load_end__ - __FLASH_segment_start__) <= __FLASH_segment_size__)), error: .fast is too large to fit in FLASH memory segment)

.fast_run       0x0000000020000000        0x0
                0x0000000020000000                __fast_run_start__ = .
                0x0000000020000000                __fast_run_end__ = (__fast_run_start__ + SIZEOF (.fast))
                0x0000000000000000                __fast_run_size__ = (__fast_run_end__ - __fast_run_start__)
                0x0000000020000000                __fast_run_load_end__ = __fast_run_end__
                0x0000000000000001                . = ASSERT (((__fast_run_start__ == __fast_run_end__) || ((__fast_run_end__ - __RAM_segment_start__) <= __RAM_segment_size__)), error: .fast_run is too large to fit in RAM memory segment)
                0x0000000000001f30                __data_load_start__ = ALIGN ((__fast_load_start__ + SIZEOF (.fast)), 0x4)

.data           0x0000000020000000        0x4 load address 0x0000000000001f30
                0x0000000020000000                __data_start__ = .
 *(.data .data.* .gnu.linkonce.d.*)
 .data.SystemCoreClock
                0x0000000020000000        0x4 Output/Release/Obj/blinky_FreeRTOS_pca10056/system_nrf52840.o
                0x0000000020000000                SystemCoreClock
                0x0000000020000004                __data_end__ = (__data_start__ + SIZEOF (.data))
                0x0000000000000004                __data_size__ = SIZEOF (.data)
                0x0000000000001f34                __data_load_end__ = (__data_load_start__ + SIZEOF (.data))

.igot.plt       0x0000000100000000        0x0
 .igot.plt      0x0000000100000000        0x0 Output/Release/Obj/blinky_FreeRTOS_pca10056/thumb_crt0.o
                0x0000000000000001                . = ASSERT (((__data_load_start__ == __data_load_end__) || ((__data_load_end__ - __FLASH_segment_start__) <= __FLASH_segment_size__)), error: .data is too large to fit in FLASH memory segment)

.data_run       0x0000000020000000        0x0
                0x0000000020000000                __data_run_start__ = .
                0x0000000020000004                __data_run_end__ = (__data_run_start__ + SIZEOF (.data))
                0x0000000000000004                __data_run_size__ = (__data_run_end__ - __data_run_start__)
                0x0000000020000004                __data_run_load_end__ = __data_run_end__
                0x0000000000000001                . = ASSERT (((__data_run_start__ == __data_run_end__) || ((__data_run_end__ - __RAM_segment_start__) <= __RAM_segment_size__)), error: .data_run is too large to fit in RAM memory segment)
                0x0000000000001f34                __tdata_load_start__ = ALIGN ((__data_load_start__ + SIZEOF (.data)), 0x4)

.tdata          0x0000000020000004        0x0 load address 0x0000000000001f34
                0x0000000020000004                __tdata_start__ = .
 *(.tdata .tdata.*)
                0x0000000020000004                __tdata_end__ = (__tdata_start__ + SIZEOF (.tdata))
                0x0000000000000000                __tdata_size__ = SIZEOF (.tdata)
                0x0000000000001f34                __tdata_load_end__ = (__tdata_load_start__ + SIZEOF (.tdata))
                0x0000000000001f34                __FLASH_segment_used_end__ = (ALIGN ((__data_load_start__ + SIZEOF (.data)), 0x4) + SIZEOF (.tdata))
                0x0000000000001f34                __FLASH_segment_used_size__ = (__FLASH_segment_used_end__ - __FLASH_segment_start__)
                0x0000000000000001                . = ASSERT (((__tdata_load_start__ == __tdata_load_end__) || ((__tdata_load_end__ - __FLASH_segment_start__) <= __FLASH_segment_size__)), error: .tdata is too large to fit in FLASH memory segment)

.tdata_run      0x0000000020000004        0x0
                0x0000000020000004                __tdata_run_start__ = .
                0x0000000020000004                __tdata_run_end__ = (__tdata_run_start__ + SIZEOF (.tdata))
                0x0000000000000000                __tdata_run_size__ = (__tdata_run_end__ - __tdata_run_start__)
                0x0000000020000004                __tdata_run_load_end__ = __tdata_run_end__
                0x0000000000000001                . = ASSERT (((__tdata_run_start__ == __tdata_run_end__) || ((__tdata_run_end__ - __RAM_segment_start__) <= __RAM_segment_size__)), error: .tdata_run is too large to fit in RAM memory segment)
                0x0000000020000004                __bss_load_start__ = ALIGN (__tdata_run_end__, 0x4)

.bss            0x0000000020000004     0x11c8
                0x0000000020000004                __bss_start__ = .
 *(.bss .bss.* .gnu.linkonce.b.*)
 .bss.pucAlignedHeap.0
                0x0000000020000004        0x4 Output/Release/Obj/blinky_FreeRTOS_pca10056/heap_1.o
 .bss.ucHeap    0x0000000020000008     0x1000 Output/Release/Obj/blinky_FreeRTOS_pca10056/heap_1.o
 .bss.xNextFreeByte
                0x0000000020001008        0x4 Output/Release/Obj/blinky_FreeRTOS_pca10056/heap_1.o
 .bss.uxCriticalNesting
                0x000000002000100c        0x4 Output/Release/Obj/blinky_FreeRTOS_pca10056/port_cmsis.o
 .bss.xQueueRegistry
                0x0000000020001010       0x10 Output/Release/Obj/blinky_FreeRTOS_pca10056/queue.o
                0x0000000020001010                xQueueRegistry
 .bss.pxCurrentTCB
                0x0000000020001020        0x4 Output/Release/Obj/blinky_FreeRTOS_pca10056/tasks.o
                0x0000000020001020                pxCurrentTCB
 .bss.pxDelayedTaskList
                0x0000000020001024        0x4 Output/Release/Obj/blinky_FreeRTOS_pca10056/tasks.o
 .bss.pxOverflowDelayedTaskList
                0x0000000020001028        0x4 Output/Release/Obj/blinky_FreeRTOS_pca10056/tasks.o
 .bss.pxReadyTasksLists
                0x000000002000102c       0x3c Output/Release/Obj/blinky_FreeRTOS_pca10056/tasks.o
 .bss.uxCurrentNumberOfTasks
                0x0000000020001068        0x4 Output/Release/Obj/blinky_FreeRTOS_pca10056/tasks.o
 .bss.uxDeletedTasksWaitingCleanUp
                0x000000002000106c        0x4 Output/Release/Obj/blinky_FreeRTOS_pca10056/tasks.o
 .bss.uxPendedTicks
                0x0000000020001070        0x4 Output/Release/Obj/blinky_FreeRTOS_pca10056/tasks.o
 .bss.uxSchedulerSuspended
                0x0000000020001074        0x4 Output/Release/Obj/blinky_FreeRTOS_pca10056/tasks.o
 .bss.uxTaskNumber
                0x0000000020001078        0x4 Output/Release/Obj/blinky_FreeRTOS_pca10056/tasks.o
 .bss.uxTopReadyPriority
                0x000000002000107c        0x4 Output/Release/Obj/blinky_FreeRTOS_pca10056/tasks.o
 .bss.xDelayedTaskList1
                0x0000000020001080       0x14 Output/Release/Obj/blinky_FreeRTOS_pca10056/tasks.o
 .bss.xDelayedTaskList2
                0x0000000020001094       0x14 Output/Release/Obj/blinky_FreeRTOS_pca10056/tasks.o
 .bss.xIdleTaskHandle
                0x00000000200010a8        0x4 Output/Release/Obj/blinky_FreeRTOS_pca10056/tasks.o
 .bss.xNextTaskUnblockTime
                0x00000000200010ac        0x4 Output/Release/Obj/blinky_FreeRTOS_pca10056/tasks.o
 .bss.xNumOfOverflows
                0x00000000200010b0        0x4 Output/Release/Obj/blinky_FreeRTOS_pca10056/tasks.o
 .bss.xPendingReadyList
                0x00000000200010b4       0x14 Output/Release/Obj/blinky_FreeRTOS_pca10056/tasks.o
 .bss.xSchedulerRunning
                0x00000000200010c8        0x4 Output/Release/Obj/blinky_FreeRTOS_pca10056/tasks.o
 .bss.xSuspendedTaskList
                0x00000000200010cc       0x14 Output/Release/Obj/blinky_FreeRTOS_pca10056/tasks.o
 .bss.xTasksWaitingTermination
                0x00000000200010e0       0x14 Output/Release/Obj/blinky_FreeRTOS_pca10056/tasks.o
 .bss.xTickCount
                0x00000000200010f4        0x4 Output/Release/Obj/blinky_FreeRTOS_pca10056/tasks.o
 .bss.xYieldPending
                0x00000000200010f8        0x4 Output/Release/Obj/blinky_FreeRTOS_pca10056/tasks.o
 .bss.pxCurrentTimerList
                0x00000000200010fc        0x4 Output/Release/Obj/blinky_FreeRTOS_pca10056/timers.o
 .bss.pxOverflowTimerList
                0x0000000020001100        0x4 Output/Release/Obj/blinky_FreeRTOS_pca10056/timers.o
 .bss.xActiveTimerList1
                0x0000000020001104       0x14 Output/Release/Obj/blinky_FreeRTOS_pca10056/timers.o
 .bss.xActiveTimerList2
                0x0000000020001118       0x14 Output/Release/Obj/blinky_FreeRTOS_pca10056/timers.o
 .bss.xLastTime.0
                0x000000002000112c        0x4 Output/Release/Obj/blinky_FreeRTOS_pca10056/timers.o
 .bss.xTimerQueue
                0x0000000020001130        0x4 Output/Release/Obj/blinky_FreeRTOS_pca10056/timers.o
 .bss.xTimerTaskHandle
                0x0000000020001134        0x4 Output/Release/Obj/blinky_FreeRTOS_pca10056/timers.o
 .bss.m_in_critical_region
                0x0000000020001138        0x4 Output/Release/Obj/blinky_FreeRTOS_pca10056/app_util_platform.o
 .bss.m_clock_cb
                0x000000002000113c       0x14 Output/Release/Obj/blinky_FreeRTOS_pca10056/nrf_drv_clock.o
 .bss.m_clock_cb
                0x0000000020001150        0x8 Output/Release/Obj/blinky_FreeRTOS_pca10056/nrfx_clock.o
 .bss.m_cb      0x0000000020001158       0x6c Output/Release/Obj/blinky_FreeRTOS_pca10056/nrfx_gpiote.o
 .bss.led_toggle_task_handle
                0x00000000200011c4        0x4 Output/Release/Obj/blinky_FreeRTOS_pca10056/main.o
                0x00000000200011c4                led_toggle_task_handle
 .bss.led_toggle_timer_handle
                0x00000000200011c8        0x4 Output/Release/Obj/blinky_FreeRTOS_pca10056/main.o
                0x00000000200011c8                led_toggle_timer_handle
 *(COMMON)
                0x00000000200011cc                __bss_end__ = (__bss_start__ + SIZEOF (.bss))
                0x00000000000011c8                __bss_size__ = SIZEOF (.bss)
                0x00000000200011cc                __bss_load_end__ = __bss_end__
                0x0000000000000001                . = ASSERT (((__bss_start__ == __bss_end__) || ((__bss_end__ - __RAM_segment_start__) <= __RAM_segment_size__)), error: .bss is too large to fit in RAM memory segment)
                0x00000000200011cc                __tbss_load_start__ = ALIGN (__bss_end__, 0x4)

.tbss           0x00000000200011cc        0x0
                0x00000000200011cc                __tbss_start__ = .
 *(.tbss .tbss.*)
                0x00000000200011cc                __tbss_end__ = (__tbss_start__ + SIZEOF (.tbss))
                0x0000000000000000                __tbss_size__ = SIZEOF (.tbss)
                0x00000000200011cc                __tbss_load_end__ = __tbss_end__
                0x0000000000000001                . = ASSERT (((__tbss_start__ == __tbss_end__) || ((__tbss_end__ - __RAM_segment_start__) <= __RAM_segment_size__)), error: .tbss is too large to fit in RAM memory segment)
                0x00000000200011cc                __non_init_load_start__ = ALIGN (__tbss_end__, 0x4)

.non_init       0x00000000200011cc        0x0
                0x00000000200011cc                __non_init_start__ = .
 *(.non_init .non_init.*)
                0x00000000200011cc                __non_init_end__ = (__non_init_start__ + SIZEOF (.non_init))
                0x0000000000000000                __non_init_size__ = SIZEOF (.non_init)
                0x00000000200011cc                __non_init_load_end__ = __non_init_end__
                0x0000000000000001                . = ASSERT (((__non_init_start__ == __non_init_end__) || ((__non_init_end__ - __RAM_segment_start__) <= __RAM_segment_size__)), error: .non_init is too large to fit in RAM memory segment)
                0x00000000200011cc                __heap_load_start__ = ALIGN (__non_init_end__, 0x4)

.heap           0x00000000200011cc     0x2000
                0x00000000200011cc                __heap_start__ = .
 *(.heap .heap.*)
                0x00000000200031cc                . = ALIGN (MAX ((__heap_start__ + __HEAPSIZE__), .), 0x4)
 *fill*         0x00000000200011cc     0x2000 
                0x00000000200031cc                __heap_end__ = (__heap_start__ + SIZEOF (.heap))
                0x0000000000002000                __heap_size__ = SIZEOF (.heap)
                0x00000000200031cc                __heap_load_end__ = __heap_end__
                0x0000000000000001                . = ASSERT (((__heap_start__ == __heap_end__) || ((__heap_end__ - __RAM_segment_start__) <= __RAM_segment_size__)), error: .heap is too large to fit in RAM memory segment)
                0x000000002003e000                __stack_load_start__ = (__RAM_segment_start__ + (__RAM_segment_size__ - 0x2000))

.stack          0x000000002003e000     0x2000
                0x000000002003e000                __stack_start__ = .
                0x000000002003e000                __StackLimit = __stack_start__
 *(.stack .stack.*)
                0x0000000020040000                . = ALIGN (MAX ((__stack_start__ + __STACKSIZE__), .), 0x8)
 *fill*         0x000000002003e000     0x2000 
                0x0000000020040000                __stack_end__ = (__stack_start__ + SIZEOF (.stack))
                0x0000000000002000                __stack_size__ = SIZEOF (.stack)
                0x0000000020040000                __StackTop = __stack_end__
                0x0000000020040000                __stack_load_end__ = __stack_end__
                0x0000000000000001                . = ASSERT (((__stack_start__ == __stack_end__) || ((__stack_end__ - __RAM_segment_start__) <= __RAM_segment_size__)), error: .stack is too large to fit in RAM memory segment)
                0x0000000000000001                . = ASSERT ((__heap_end__ <= __stack_start__), error: section .heap overlaps absolute placed section .stack)
                0x0000000020040000                __stack_process_load_start__ = ALIGN (__stack_end__, 0x8)

.stack_process  0x0000000020040000        0x0
                0x0000000020040000                __stack_process_start__ = .
 *(.stack_process .stack_process.*)
                0x0000000020040000                . = ALIGN (MAX ((__stack_process_start__ + __STACKSIZE_PROCESS__), .), 0x8)
                0x0000000020040000                __stack_process_end__ = (__stack_process_start__ + SIZEOF (.stack_process))
                0x0000000000000000                __stack_process_size__ = SIZEOF (.stack_process)
                0x0000000020040000                __stack_process_load_end__ = __stack_process_end__
                0x0000000020040000                __RAM_segment_used_end__ = (ALIGN (__stack_end__, 0x8) + SIZEOF (.stack_process))
                0x0000000000040000                __RAM_segment_used_size__ = (__RAM_segment_used_end__ - __RAM_segment_start__)
                0x0000000000000001                . = ASSERT (((__stack_process_start__ == __stack_process_end__) || ((__stack_process_end__ - __RAM_segment_start__) <= __RAM_segment_size__)), error: .stack_process is too large to fit in RAM memory segment)
START GROUP
LOAD Output/Release/Obj/blinky_FreeRTOS_pca10056/thumb_crt0.o
LOAD Output/Release/Obj/blinky_FreeRTOS_pca10056/nrf_log_frontend.o
LOAD Output/Release/Obj/blinky_FreeRTOS_pca10056/nrf_log_str_formatter.o
LOAD Output/Release/Obj/blinky_FreeRTOS_pca10056/boards.o
LOAD Output/Release/Obj/blinky_FreeRTOS_pca10056/croutine.o
LOAD Output/Release/Obj/blinky_FreeRTOS_pca10056/event_groups.o
LOAD Output/Release/Obj/blinky_FreeRTOS_pca10056/heap_1.o
LOAD Output/Release/Obj/blinky_FreeRTOS_pca10056/list.o
LOAD Output/Release/Obj/blinky_FreeRTOS_pca10056/port.o
LOAD Output/Release/Obj/blinky_FreeRTOS_pca10056/port_cmsis.o
LOAD Output/Release/Obj/blinky_FreeRTOS_pca10056/port_cmsis_systick.o
LOAD Output/Release/Obj/blinky_FreeRTOS_pca10056/queue.o
LOAD Output/Release/Obj/blinky_FreeRTOS_pca10056/stream_buffer.o
LOAD Output/Release/Obj/blinky_FreeRTOS_pca10056/tasks.o
LOAD Output/Release/Obj/blinky_FreeRTOS_pca10056/timers.o
LOAD Output/Release/Obj/blinky_FreeRTOS_pca10056/app_button.o
LOAD Output/Release/Obj/blinky_FreeRTOS_pca10056/app_error.o
LOAD Output/Release/Obj/blinky_FreeRTOS_pca10056/app_error_handler_gcc.o
LOAD Output/Release/Obj/blinky_FreeRTOS_pca10056/app_error_weak.o
LOAD Output/Release/Obj/blinky_FreeRTOS_pca10056/app_timer_freertos.o
LOAD Output/Release/Obj/blinky_FreeRTOS_pca10056/app_util_platform.o
LOAD Output/Release/Obj/blinky_FreeRTOS_pca10056/nrf_assert.o
LOAD Output/Release/Obj/blinky_FreeRTOS_pca10056/nrf_atomic.o
LOAD Output/Release/Obj/blinky_FreeRTOS_pca10056/nrf_balloc.o
LOAD Output/Release/Obj/blinky_FreeRTOS_pca10056/nrf_fprintf.o
LOAD Output/Release/Obj/blinky_FreeRTOS_pca10056/nrf_fprintf_format.o
LOAD Output/Release/Obj/blinky_FreeRTOS_pca10056/nrf_memobj.o
LOAD Output/Release/Obj/blinky_FreeRTOS_pca10056/nrf_ringbuf.o
LOAD Output/Release/Obj/blinky_FreeRTOS_pca10056/nrf_strerror.o
LOAD Output/Release/Obj/blinky_FreeRTOS_pca10056/nrf_drv_clock.o
LOAD Output/Release/Obj/blinky_FreeRTOS_pca10056/nrf_nvic.o
LOAD Output/Release/Obj/blinky_FreeRTOS_pca10056/nrf_soc.o
LOAD Output/Release/Obj/blinky_FreeRTOS_pca10056/nrfx_atomic.o
LOAD Output/Release/Obj/blinky_FreeRTOS_pca10056/nrfx_clock.o
LOAD Output/Release/Obj/blinky_FreeRTOS_pca10056/nrfx_gpiote.o
LOAD Output/Release/Obj/blinky_FreeRTOS_pca10056/bsp.o
LOAD Output/Release/Obj/blinky_FreeRTOS_pca10056/main.o
LOAD Output/Release/Obj/blinky_FreeRTOS_pca10056/ses_startup_nrf52840.o
LOAD Output/Release/Obj/blinky_FreeRTOS_pca10056/ses_startup_nrf_common.o
LOAD Output/Release/Obj/blinky_FreeRTOS_pca10056/system_nrf52840.o
LOAD C:/v1.8.0/toolchain/segger_embedded_studio/lib/libm_v7em_fpv4_sp_d16_hard_t_le_eabi.a
LOAD C:/v1.8.0/toolchain/segger_embedded_studio/lib/libc_v7em_fpv4_sp_d16_hard_t_le_eabi.a
LOAD C:/v1.8.0/toolchain/segger_embedded_studio/lib/libdebugio_v7em_fpv4_sp_d16_hard_t_le_eabi.a
END GROUP
OUTPUT(Output/Release/Exe/blinky_FreeRTOS_pca10056.elf elf32-littlearm)
LOAD linker stubs

.ARM.attributes
                0x0000000000000000       0x32
 .ARM.attributes
                0x0000000000000000       0x20 Output/Release/Obj/blinky_FreeRTOS_pca10056/thumb_crt0.o
 .ARM.attributes
                0x0000000000000020       0x36 Output/Release/Obj/blinky_FreeRTOS_pca10056/boards.o
 .ARM.attributes
                0x0000000000000056       0x36 Output/Release/Obj/blinky_FreeRTOS_pca10056/heap_1.o
 .ARM.attributes
                0x000000000000008c       0x36 Output/Release/Obj/blinky_FreeRTOS_pca10056/list.o
 .ARM.attributes
                0x00000000000000c2       0x36 Output/Release/Obj/blinky_FreeRTOS_pca10056/port.o
 .ARM.attributes
                0x00000000000000f8       0x36 Output/Release/Obj/blinky_FreeRTOS_pca10056/port_cmsis.o
 .ARM.attributes
                0x000000000000012e       0x36 Output/Release/Obj/blinky_FreeRTOS_pca10056/port_cmsis_systick.o
 .ARM.attributes
                0x0000000000000164       0x36 Output/Release/Obj/blinky_FreeRTOS_pca10056/queue.o
 .ARM.attributes
                0x000000000000019a       0x36 Output/Release/Obj/blinky_FreeRTOS_pca10056/tasks.o
 .ARM.attributes
                0x00000000000001d0       0x36 Output/Release/Obj/blinky_FreeRTOS_pca10056/timers.o
 .ARM.attributes
                0x0000000000000206       0x36 Output/Release/Obj/blinky_FreeRTOS_pca10056/app_error.o
 .ARM.attributes
                0x000000000000023c       0x36 Output/Release/Obj/blinky_FreeRTOS_pca10056/app_error_weak.o
 .ARM.attributes
                0x0000000000000272       0x36 Output/Release/Obj/blinky_FreeRTOS_pca10056/app_util_platform.o
 .ARM.attributes
                0x00000000000002a8       0x36 Output/Release/Obj/blinky_FreeRTOS_pca10056/nrf_drv_clock.o
 .ARM.attributes
                0x00000000000002de       0x36 Output/Release/Obj/blinky_FreeRTOS_pca10056/nrfx_clock.o
 .ARM.attributes
                0x0000000000000314       0x36 Output/Release/Obj/blinky_FreeRTOS_pca10056/nrfx_gpiote.o
 .ARM.attributes
                0x000000000000034a       0x36 Output/Release/Obj/blinky_FreeRTOS_pca10056/main.o
 .ARM.attributes
                0x0000000000000380       0x20 Output/Release/Obj/blinky_FreeRTOS_pca10056/ses_startup_nrf52840.o
 .ARM.attributes
                0x00000000000003a0       0x20 Output/Release/Obj/blinky_FreeRTOS_pca10056/ses_startup_nrf_common.o
 .ARM.attributes
                0x00000000000003c0       0x36 Output/Release/Obj/blinky_FreeRTOS_pca10056/system_nrf52840.o
 .ARM.attributes
                0x00000000000003f6       0x20 C:/v1.8.0/toolchain/segger_embedded_studio/lib/libc_v7em_fpv4_sp_d16_hard_t_le_eabi.a(libc2_asm.o)

.comment        0x0000000000000000       0x3f
 .comment       0x0000000000000000       0x3f Output/Release/Obj/blinky_FreeRTOS_pca10056/boards.o
                                         0x40 (size before relaxing)
 .comment       0x000000000000003f       0x40 Output/Release/Obj/blinky_FreeRTOS_pca10056/heap_1.o
 .comment       0x000000000000003f       0x40 Output/Release/Obj/blinky_FreeRTOS_pca10056/list.o
 .comment       0x000000000000003f       0x40 Output/Release/Obj/blinky_FreeRTOS_pca10056/port.o
 .comment       0x000000000000003f       0x40 Output/Release/Obj/blinky_FreeRTOS_pca10056/port_cmsis.o
 .comment       0x000000000000003f       0x40 Output/Release/Obj/blinky_FreeRTOS_pca10056/port_cmsis_systick.o
 .comment       0x000000000000003f       0x40 Output/Release/Obj/blinky_FreeRTOS_pca10056/queue.o
 .comment       0x000000000000003f       0x40 Output/Release/Obj/blinky_FreeRTOS_pca10056/tasks.o
 .comment       0x000000000000003f       0x40 Output/Release/Obj/blinky_FreeRTOS_pca10056/timers.o
 .comment       0x000000000000003f       0x40 Output/Release/Obj/blinky_FreeRTOS_pca10056/app_error.o
 .comment       0x000000000000003f       0x40 Output/Release/Obj/blinky_FreeRTOS_pca10056/app_error_weak.o
 .comment       0x000000000000003f       0x40 Output/Release/Obj/blinky_FreeRTOS_pca10056/app_util_platform.o
 .comment       0x000000000000003f       0x40 Output/Release/Obj/blinky_FreeRTOS_pca10056/nrf_drv_clock.o
 .comment       0x000000000000003f       0x40 Output/Release/Obj/blinky_FreeRTOS_pca10056/nrfx_clock.o
 .comment       0x000000000000003f       0x40 Output/Release/Obj/blinky_FreeRTOS_pca10056/nrfx_gpiote.o
 .comment       0x000000000000003f       0x40 Output/Release/Obj/blinky_FreeRTOS_pca10056/main.o
 .comment       0x000000000000003f       0x40 Output/Release/Obj/blinky_FreeRTOS_pca10056/system_nrf52840.o

.debug_line     0x0000000000000000     0xc05b
 .debug_line    0x0000000000000000      0x20d Output/Release/Obj/blinky_FreeRTOS_pca10056/thumb_crt0.o
 .debug_line    0x000000000000020d      0xaf4 Output/Release/Obj/blinky_FreeRTOS_pca10056/boards.o
 .debug_line    0x0000000000000d01      0x54d Output/Release/Obj/blinky_FreeRTOS_pca10056/heap_1.o
 .debug_line    0x000000000000124e      0x5f5 Output/Release/Obj/blinky_FreeRTOS_pca10056/list.o
 .debug_line    0x0000000000001843      0x4ad Output/Release/Obj/blinky_FreeRTOS_pca10056/port.o
 .debug_line    0x0000000000001cf0      0x60f Output/Release/Obj/blinky_FreeRTOS_pca10056/port_cmsis.o
 .debug_line    0x00000000000022ff      0xb21 Output/Release/Obj/blinky_FreeRTOS_pca10056/port_cmsis_systick.o
 .debug_line    0x0000000000002e20     0x166d Output/Release/Obj/blinky_FreeRTOS_pca10056/queue.o
 .debug_line    0x000000000000448d     0x2256 Output/Release/Obj/blinky_FreeRTOS_pca10056/tasks.o
 .debug_line    0x00000000000066e3      0xb34 Output/Release/Obj/blinky_FreeRTOS_pca10056/timers.o
 .debug_line    0x0000000000007217      0x39e Output/Release/Obj/blinky_FreeRTOS_pca10056/app_error.o
 .debug_line    0x00000000000075b5      0x5f3 Output/Release/Obj/blinky_FreeRTOS_pca10056/app_error_weak.o
 .debug_line    0x0000000000007ba8      0x41c Output/Release/Obj/blinky_FreeRTOS_pca10056/app_util_platform.o
 .debug_line    0x0000000000007fc4      0xaf5 Output/Release/Obj/blinky_FreeRTOS_pca10056/nrf_drv_clock.o
 .debug_line    0x0000000000008ab9      0xb95 Output/Release/Obj/blinky_FreeRTOS_pca10056/nrfx_clock.o
 .debug_line    0x000000000000964e     0x1bb9 Output/Release/Obj/blinky_FreeRTOS_pca10056/nrfx_gpiote.o
 .debug_line    0x000000000000b207      0x859 Output/Release/Obj/blinky_FreeRTOS_pca10056/main.o
 .debug_line    0x000000000000ba60       0x78 Output/Release/Obj/blinky_FreeRTOS_pca10056/ses_startup_nrf52840.o
 .debug_line    0x000000000000bad8       0x97 Output/Release/Obj/blinky_FreeRTOS_pca10056/ses_startup_nrf_common.o
 .debug_line    0x000000000000bb6f      0x4ec Output/Release/Obj/blinky_FreeRTOS_pca10056/system_nrf52840.o

.debug_info     0x0000000000000000    0x107fd
 .debug_info    0x0000000000000000       0x22 Output/Release/Obj/blinky_FreeRTOS_pca10056/thumb_crt0.o
 .debug_info    0x0000000000000022      0xcf8 Output/Release/Obj/blinky_FreeRTOS_pca10056/boards.o
 .debug_info    0x0000000000000d1a      0x1ac Output/Release/Obj/blinky_FreeRTOS_pca10056/heap_1.o
 .debug_info    0x0000000000000ec6      0x2d2 Output/Release/Obj/blinky_FreeRTOS_pca10056/list.o
 .debug_info    0x0000000000001198       0xb4 Output/Release/Obj/blinky_FreeRTOS_pca10056/port.o
 .debug_info    0x000000000000124c      0x8cd Output/Release/Obj/blinky_FreeRTOS_pca10056/port_cmsis.o
 .debug_info    0x0000000000001b19     0x110e Output/Release/Obj/blinky_FreeRTOS_pca10056/port_cmsis_systick.o
 .debug_info    0x0000000000002c27     0x2190 Output/Release/Obj/blinky_FreeRTOS_pca10056/queue.o
 .debug_info    0x0000000000004db7     0x2c39 Output/Release/Obj/blinky_FreeRTOS_pca10056/tasks.o
 .debug_info    0x00000000000079f0     0x148d Output/Release/Obj/blinky_FreeRTOS_pca10056/timers.o
 .debug_info    0x0000000000008e7d      0x2b0 Output/Release/Obj/blinky_FreeRTOS_pca10056/app_error.o
 .debug_info    0x000000000000912d      0x3b8 Output/Release/Obj/blinky_FreeRTOS_pca10056/app_error_weak.o
 .debug_info    0x00000000000094e5      0x7a7 Output/Release/Obj/blinky_FreeRTOS_pca10056/app_util_platform.o
 .debug_info    0x0000000000009c8c      0xc4b Output/Release/Obj/blinky_FreeRTOS_pca10056/nrf_drv_clock.o
 .debug_info    0x000000000000a8d7     0x11c3 Output/Release/Obj/blinky_FreeRTOS_pca10056/nrfx_clock.o
 .debug_info    0x000000000000ba9a     0x33ad Output/Release/Obj/blinky_FreeRTOS_pca10056/nrfx_gpiote.o
 .debug_info    0x000000000000ee47      0x4d0 Output/Release/Obj/blinky_FreeRTOS_pca10056/main.o
 .debug_info    0x000000000000f317       0x23 Output/Release/Obj/blinky_FreeRTOS_pca10056/ses_startup_nrf52840.o
 .debug_info    0x000000000000f33a       0x23 Output/Release/Obj/blinky_FreeRTOS_pca10056/ses_startup_nrf_common.o
 .debug_info    0x000000000000f35d     0x14a0 Output/Release/Obj/blinky_FreeRTOS_pca10056/system_nrf52840.o

.debug_abbrev   0x0000000000000000     0x2e9d
 .debug_abbrev  0x0000000000000000       0x12 Output/Release/Obj/blinky_FreeRTOS_pca10056/thumb_crt0.o
 .debug_abbrev  0x0000000000000012      0x313 Output/Release/Obj/blinky_FreeRTOS_pca10056/boards.o
 .debug_abbrev  0x0000000000000325      0x139 Output/Release/Obj/blinky_FreeRTOS_pca10056/heap_1.o
 .debug_abbrev  0x000000000000045e      0x10c Output/Release/Obj/blinky_FreeRTOS_pca10056/list.o
 .debug_abbrev  0x000000000000056a       0x4a Output/Release/Obj/blinky_FreeRTOS_pca10056/port.o
 .debug_abbrev  0x00000000000005b4      0x2ca Output/Release/Obj/blinky_FreeRTOS_pca10056/port_cmsis.o
 .debug_abbrev  0x000000000000087e      0x344 Output/Release/Obj/blinky_FreeRTOS_pca10056/port_cmsis_systick.o
 .debug_abbrev  0x0000000000000bc2      0x3f3 Output/Release/Obj/blinky_FreeRTOS_pca10056/queue.o
 .debug_abbrev  0x0000000000000fb5      0x4a0 Output/Release/Obj/blinky_FreeRTOS_pca10056/tasks.o
 .debug_abbrev  0x0000000000001455      0x3c6 Output/Release/Obj/blinky_FreeRTOS_pca10056/timers.o
 .debug_abbrev  0x000000000000181b      0x13e Output/Release/Obj/blinky_FreeRTOS_pca10056/app_error.o
 .debug_abbrev  0x0000000000001959      0x174 Output/Release/Obj/blinky_FreeRTOS_pca10056/app_error_weak.o
 .debug_abbrev  0x0000000000001acd      0x22d Output/Release/Obj/blinky_FreeRTOS_pca10056/app_util_platform.o
 .debug_abbrev  0x0000000000001cfa      0x424 Output/Release/Obj/blinky_FreeRTOS_pca10056/nrf_drv_clock.o
 .debug_abbrev  0x000000000000211e      0x402 Output/Release/Obj/blinky_FreeRTOS_pca10056/nrfx_clock.o
 .debug_abbrev  0x0000000000002520      0x57a Output/Release/Obj/blinky_FreeRTOS_pca10056/nrfx_gpiote.o
 .debug_abbrev  0x0000000000002a9a      0x187 Output/Release/Obj/blinky_FreeRTOS_pca10056/main.o
 .debug_abbrev  0x0000000000002c21       0x14 Output/Release/Obj/blinky_FreeRTOS_pca10056/ses_startup_nrf52840.o
 .debug_abbrev  0x0000000000002c35       0x14 Output/Release/Obj/blinky_FreeRTOS_pca10056/ses_startup_nrf_common.o
 .debug_abbrev  0x0000000000002c49      0x254 Output/Release/Obj/blinky_FreeRTOS_pca10056/system_nrf52840.o

.debug_aranges  0x0000000000000000      0x898
 .debug_aranges
                0x0000000000000000       0x98 Output/Release/Obj/blinky_FreeRTOS_pca10056/thumb_crt0.o
 .debug_aranges
                0x0000000000000098       0x78 Output/Release/Obj/blinky_FreeRTOS_pca10056/boards.o
 .debug_aranges
                0x0000000000000110       0x38 Output/Release/Obj/blinky_FreeRTOS_pca10056/heap_1.o
 .debug_aranges
                0x0000000000000148       0x40 Output/Release/Obj/blinky_FreeRTOS_pca10056/list.o
 .debug_aranges
                0x0000000000000188       0x30 Output/Release/Obj/blinky_FreeRTOS_pca10056/port.o
 .debug_aranges
                0x00000000000001b8       0x48 Output/Release/Obj/blinky_FreeRTOS_pca10056/port_cmsis.o
 .debug_aranges
                0x0000000000000200       0x30 Output/Release/Obj/blinky_FreeRTOS_pca10056/port_cmsis_systick.o
 .debug_aranges
                0x0000000000000230       0xf8 Output/Release/Obj/blinky_FreeRTOS_pca10056/queue.o
 .debug_aranges
                0x0000000000000328      0x1a8 Output/Release/Obj/blinky_FreeRTOS_pca10056/tasks.o
 .debug_aranges
                0x00000000000004d0       0x98 Output/Release/Obj/blinky_FreeRTOS_pca10056/timers.o
 .debug_aranges
                0x0000000000000568       0x28 Output/Release/Obj/blinky_FreeRTOS_pca10056/app_error.o
 .debug_aranges
                0x0000000000000590       0x20 Output/Release/Obj/blinky_FreeRTOS_pca10056/app_error_weak.o
 .debug_aranges
                0x00000000000005b0       0x48 Output/Release/Obj/blinky_FreeRTOS_pca10056/app_util_platform.o
 .debug_aranges
                0x00000000000005f8       0x88 Output/Release/Obj/blinky_FreeRTOS_pca10056/nrf_drv_clock.o
 .debug_aranges
                0x0000000000000680       0x78 Output/Release/Obj/blinky_FreeRTOS_pca10056/nrfx_clock.o
 .debug_aranges
                0x00000000000006f8      0x100 Output/Release/Obj/blinky_FreeRTOS_pca10056/nrfx_gpiote.o
 .debug_aranges
                0x00000000000007f8       0x30 Output/Release/Obj/blinky_FreeRTOS_pca10056/main.o
 .debug_aranges
                0x0000000000000828       0x20 Output/Release/Obj/blinky_FreeRTOS_pca10056/ses_startup_nrf52840.o
 .debug_aranges
                0x0000000000000848       0x20 Output/Release/Obj/blinky_FreeRTOS_pca10056/ses_startup_nrf_common.o
 .debug_aranges
                0x0000000000000868       0x30 Output/Release/Obj/blinky_FreeRTOS_pca10056/system_nrf52840.o

.debug_str      0x0000000000000000    0x8efce
 .debug_str     0x0000000000000000       0x96 Output/Release/Obj/blinky_FreeRTOS_pca10056/thumb_crt0.o
 .debug_str     0x0000000000000096    0x80f9b Output/Release/Obj/blinky_FreeRTOS_pca10056/boards.o
                                      0x82209 (size before relaxing)
 .debug_str     0x0000000000081031     0x3d5d Output/Release/Obj/blinky_FreeRTOS_pca10056/heap_1.o
                                      0x7fc77 (size before relaxing)
 .debug_str     0x0000000000084d8e      0x154 Output/Release/Obj/blinky_FreeRTOS_pca10056/list.o
                                      0x7f6bd (size before relaxing)
 .debug_str     0x0000000000084ee2       0x52 Output/Release/Obj/blinky_FreeRTOS_pca10056/port.o
                                      0x7faf5 (size before relaxing)
 .debug_str     0x0000000000084f34      0x550 Output/Release/Obj/blinky_FreeRTOS_pca10056/port_cmsis.o
                                      0x80127 (size before relaxing)
 .debug_str     0x0000000000085484      0x746 Output/Release/Obj/blinky_FreeRTOS_pca10056/port_cmsis_systick.o
                                      0x850f3 (size before relaxing)
 .debug_str     0x0000000000085bca     0x101b Output/Release/Obj/blinky_FreeRTOS_pca10056/queue.o
                                      0x80dbd (size before relaxing)
 .debug_str     0x0000000000086be5     0x1972 Output/Release/Obj/blinky_FreeRTOS_pca10056/tasks.o
                                      0x81a45 (size before relaxing)
 .debug_str     0x0000000000088557      0x4e9 Output/Release/Obj/blinky_FreeRTOS_pca10056/timers.o
                                      0x8124a (size before relaxing)
 .debug_str     0x0000000000088a40      0x104 Output/Release/Obj/blinky_FreeRTOS_pca10056/app_error.o
                                      0x742e8 (size before relaxing)
 .debug_str     0x0000000000088b44     0x2fee Output/Release/Obj/blinky_FreeRTOS_pca10056/app_error_weak.o
                                      0x8105a (size before relaxing)
 .debug_str     0x000000000008bb32      0x209 Output/Release/Obj/blinky_FreeRTOS_pca10056/app_util_platform.o
                                      0x74b42 (size before relaxing)
 .debug_str     0x000000000008bd3b      0x8d3 Output/Release/Obj/blinky_FreeRTOS_pca10056/nrf_drv_clock.o
                                      0x83fa3 (size before relaxing)
 .debug_str     0x000000000008c60e      0x7b0 Output/Release/Obj/blinky_FreeRTOS_pca10056/nrfx_clock.o
                                      0x8467e (size before relaxing)
 .debug_str     0x000000000008cdbe     0x1879 Output/Release/Obj/blinky_FreeRTOS_pca10056/nrfx_gpiote.o
                                      0x85930 (size before relaxing)
 .debug_str     0x000000000008e637      0x474 Output/Release/Obj/blinky_FreeRTOS_pca10056/main.o
                                      0x86658 (size before relaxing)
 .debug_str     0x000000000008eaab       0x3a Output/Release/Obj/blinky_FreeRTOS_pca10056/ses_startup_nrf52840.o
                                         0x91 (size before relaxing)
 .debug_str     0x000000000008eae5       0x3c Output/Release/Obj/blinky_FreeRTOS_pca10056/ses_startup_nrf_common.o
                                         0x93 (size before relaxing)
 .debug_str     0x000000000008eb21      0x4ad Output/Release/Obj/blinky_FreeRTOS_pca10056/system_nrf52840.o
                                      0x73284 (size before relaxing)

.debug_ranges   0x0000000000000000     0x16a0
 .debug_ranges  0x0000000000000000       0x90 Output/Release/Obj/blinky_FreeRTOS_pca10056/thumb_crt0.o
 .debug_ranges  0x0000000000000090      0x2c8 Output/Release/Obj/blinky_FreeRTOS_pca10056/boards.o
 .debug_ranges  0x0000000000000358       0x28 Output/Release/Obj/blinky_FreeRTOS_pca10056/heap_1.o
 .debug_ranges  0x0000000000000380       0x30 Output/Release/Obj/blinky_FreeRTOS_pca10056/list.o
 .debug_ranges  0x00000000000003b0       0x20 Output/Release/Obj/blinky_FreeRTOS_pca10056/port.o
 .debug_ranges  0x00000000000003d0       0x80 Output/Release/Obj/blinky_FreeRTOS_pca10056/port_cmsis.o
 .debug_ranges  0x0000000000000450       0x68 Output/Release/Obj/blinky_FreeRTOS_pca10056/port_cmsis_systick.o
 .debug_ranges  0x00000000000004b8      0x2e8 Output/Release/Obj/blinky_FreeRTOS_pca10056/queue.o
 .debug_ranges  0x00000000000007a0      0x370 Output/Release/Obj/blinky_FreeRTOS_pca10056/tasks.o
 .debug_ranges  0x0000000000000b10      0x110 Output/Release/Obj/blinky_FreeRTOS_pca10056/timers.o
 .debug_ranges  0x0000000000000c20       0x18 Output/Release/Obj/blinky_FreeRTOS_pca10056/app_error.o
 .debug_ranges  0x0000000000000c38       0x10 Output/Release/Obj/blinky_FreeRTOS_pca10056/app_error_weak.o
 .debug_ranges  0x0000000000000c48       0x38 Output/Release/Obj/blinky_FreeRTOS_pca10056/app_util_platform.o
 .debug_ranges  0x0000000000000c80       0xf0 Output/Release/Obj/blinky_FreeRTOS_pca10056/nrf_drv_clock.o
 .debug_ranges  0x0000000000000d70      0x118 Output/Release/Obj/blinky_FreeRTOS_pca10056/nrfx_clock.o
 .debug_ranges  0x0000000000000e88      0x7d8 Output/Release/Obj/blinky_FreeRTOS_pca10056/nrfx_gpiote.o
 .debug_ranges  0x0000000000001660       0x20 Output/Release/Obj/blinky_FreeRTOS_pca10056/main.o
 .debug_ranges  0x0000000000001680       0x20 Output/Release/Obj/blinky_FreeRTOS_pca10056/system_nrf52840.o

.debug_frame    0x0000000000000000     0x175c
 .debug_frame   0x0000000000000000      0x104 Output/Release/Obj/blinky_FreeRTOS_pca10056/boards.o
 .debug_frame   0x0000000000000104       0x60 Output/Release/Obj/blinky_FreeRTOS_pca10056/heap_1.o
 .debug_frame   0x0000000000000164       0x70 Output/Release/Obj/blinky_FreeRTOS_pca10056/list.o
 .debug_frame   0x00000000000001d4       0x40 Output/Release/Obj/blinky_FreeRTOS_pca10056/port.o
 .debug_frame   0x0000000000000214       0x7c Output/Release/Obj/blinky_FreeRTOS_pca10056/port_cmsis.o
 .debug_frame   0x0000000000000290       0x84 Output/Release/Obj/blinky_FreeRTOS_pca10056/port_cmsis_systick.o
 .debug_frame   0x0000000000000314      0x3e4 Output/Release/Obj/blinky_FreeRTOS_pca10056/queue.o
 .debug_frame   0x00000000000006f8      0x6b0 Output/Release/Obj/blinky_FreeRTOS_pca10056/tasks.o
 .debug_frame   0x0000000000000da8      0x234 Output/Release/Obj/blinky_FreeRTOS_pca10056/timers.o
 .debug_frame   0x0000000000000fdc       0x58 Output/Release/Obj/blinky_FreeRTOS_pca10056/app_error.o
 .debug_frame   0x0000000000001034       0x20 Output/Release/Obj/blinky_FreeRTOS_pca10056/app_error_weak.o
 .debug_frame   0x0000000000001054       0x70 Output/Release/Obj/blinky_FreeRTOS_pca10056/app_util_platform.o
 .debug_frame   0x00000000000010c4      0x19c Output/Release/Obj/blinky_FreeRTOS_pca10056/nrf_drv_clock.o
 .debug_frame   0x0000000000001260      0x134 Output/Release/Obj/blinky_FreeRTOS_pca10056/nrfx_clock.o
 .debug_frame   0x0000000000001394      0x324 Output/Release/Obj/blinky_FreeRTOS_pca10056/nrfx_gpiote.o
 .debug_frame   0x00000000000016b8       0x58 Output/Release/Obj/blinky_FreeRTOS_pca10056/main.o
 .debug_frame   0x0000000000001710       0x4c Output/Release/Obj/blinky_FreeRTOS_pca10056/system_nrf52840.o

.debug_loc      0x0000000000000000     0x7acb
 .debug_loc     0x0000000000000000      0x93c Output/Release/Obj/blinky_FreeRTOS_pca10056/boards.o
 .debug_loc     0x000000000000093c       0x98 Output/Release/Obj/blinky_FreeRTOS_pca10056/heap_1.o
 .debug_loc     0x00000000000009d4       0xaf Output/Release/Obj/blinky_FreeRTOS_pca10056/list.o
 .debug_loc     0x0000000000000a83       0xf6 Output/Release/Obj/blinky_FreeRTOS_pca10056/port_cmsis.o
 .debug_loc     0x0000000000000b79      0x5e6 Output/Release/Obj/blinky_FreeRTOS_pca10056/port_cmsis_systick.o
 .debug_loc     0x000000000000115f     0x1638 Output/Release/Obj/blinky_FreeRTOS_pca10056/queue.o
 .debug_loc     0x0000000000002797     0x1e0b Output/Release/Obj/blinky_FreeRTOS_pca10056/tasks.o
 .debug_loc     0x00000000000045a2      0xb8a Output/Release/Obj/blinky_FreeRTOS_pca10056/timers.o
 .debug_loc     0x000000000000512c       0xcd Output/Release/Obj/blinky_FreeRTOS_pca10056/app_error.o
 .debug_loc     0x00000000000051f9       0x4a Output/Release/Obj/blinky_FreeRTOS_pca10056/app_error_weak.o
 .debug_loc     0x0000000000005243       0xda Output/Release/Obj/blinky_FreeRTOS_pca10056/app_util_platform.o
 .debug_loc     0x000000000000531d      0x36c Output/Release/Obj/blinky_FreeRTOS_pca10056/nrf_drv_clock.o
 .debug_loc     0x0000000000005689      0x2b0 Output/Release/Obj/blinky_FreeRTOS_pca10056/nrfx_clock.o
 .debug_loc     0x0000000000005939     0x211e Output/Release/Obj/blinky_FreeRTOS_pca10056/nrfx_gpiote.o
 .debug_loc     0x0000000000007a57       0x74 Output/Release/Obj/blinky_FreeRTOS_pca10056/main.o

.debug_pubnames
                0x0000000000000000     0x4735
 .debug_pubnames
                0x0000000000000000      0x4bd Output/Release/Obj/blinky_FreeRTOS_pca10056/boards.o
 .debug_pubnames
                0x00000000000004bd       0x8c Output/Release/Obj/blinky_FreeRTOS_pca10056/heap_1.o
 .debug_pubnames
                0x0000000000000549       0x72 Output/Release/Obj/blinky_FreeRTOS_pca10056/list.o
 .debug_pubnames
                0x00000000000005bb       0x4d Output/Release/Obj/blinky_FreeRTOS_pca10056/port.o
 .debug_pubnames
                0x0000000000000608      0x494 Output/Release/Obj/blinky_FreeRTOS_pca10056/port_cmsis.o
 .debug_pubnames
                0x0000000000000a9c      0x77b Output/Release/Obj/blinky_FreeRTOS_pca10056/port_cmsis_systick.o
 .debug_pubnames
                0x0000000000001217      0x3b3 Output/Release/Obj/blinky_FreeRTOS_pca10056/queue.o
 .debug_pubnames
                0x00000000000015ca      0x9ba Output/Release/Obj/blinky_FreeRTOS_pca10056/tasks.o
 .debug_pubnames
                0x0000000000001f84      0x33b Output/Release/Obj/blinky_FreeRTOS_pca10056/timers.o
 .debug_pubnames
                0x00000000000022bf       0x6c Output/Release/Obj/blinky_FreeRTOS_pca10056/app_error.o
 .debug_pubnames
                0x000000000000232b      0x10e Output/Release/Obj/blinky_FreeRTOS_pca10056/app_error_weak.o
 .debug_pubnames
                0x0000000000002439      0x221 Output/Release/Obj/blinky_FreeRTOS_pca10056/app_util_platform.o
 .debug_pubnames
                0x000000000000265a      0x48e Output/Release/Obj/blinky_FreeRTOS_pca10056/nrf_drv_clock.o
 .debug_pubnames
                0x0000000000002ae8      0x6ca Output/Release/Obj/blinky_FreeRTOS_pca10056/nrfx_clock.o
 .debug_pubnames
                0x00000000000031b2     0x13d7 Output/Release/Obj/blinky_FreeRTOS_pca10056/nrfx_gpiote.o
 .debug_pubnames
                0x0000000000004589       0xc4 Output/Release/Obj/blinky_FreeRTOS_pca10056/main.o
 .debug_pubnames
                0x000000000000464d       0xe8 Output/Release/Obj/blinky_FreeRTOS_pca10056/system_nrf52840.o

.debug_pubtypes
                0x0000000000000000     0x1c2d
 .debug_pubtypes
                0x0000000000000000      0x181 Output/Release/Obj/blinky_FreeRTOS_pca10056/boards.o
 .debug_pubtypes
                0x0000000000000181       0xff Output/Release/Obj/blinky_FreeRTOS_pca10056/heap_1.o
 .debug_pubtypes
                0x0000000000000280      0x161 Output/Release/Obj/blinky_FreeRTOS_pca10056/list.o
 .debug_pubtypes
                0x00000000000003e1       0xdb Output/Release/Obj/blinky_FreeRTOS_pca10056/port.o
 .debug_pubtypes
                0x00000000000004bc      0x186 Output/Release/Obj/blinky_FreeRTOS_pca10056/port_cmsis.o
 .debug_pubtypes
                0x0000000000000642      0x18c Output/Release/Obj/blinky_FreeRTOS_pca10056/port_cmsis_systick.o
 .debug_pubtypes
                0x00000000000007ce      0x23f Output/Release/Obj/blinky_FreeRTOS_pca10056/queue.o
 .debug_pubtypes
                0x0000000000000a0d      0x27a Output/Release/Obj/blinky_FreeRTOS_pca10056/tasks.o
 .debug_pubtypes
                0x0000000000000c87      0x2aa Output/Release/Obj/blinky_FreeRTOS_pca10056/timers.o
 .debug_pubtypes
                0x0000000000000f31      0x117 Output/Release/Obj/blinky_FreeRTOS_pca10056/app_error.o
 .debug_pubtypes
                0x0000000000001048      0x108 Output/Release/Obj/blinky_FreeRTOS_pca10056/app_error_weak.o
 .debug_pubtypes
                0x0000000000001150      0x110 Output/Release/Obj/blinky_FreeRTOS_pca10056/app_util_platform.o
 .debug_pubtypes
                0x0000000000001260      0x1df Output/Release/Obj/blinky_FreeRTOS_pca10056/nrf_drv_clock.o
 .debug_pubtypes
                0x000000000000143f      0x1ff Output/Release/Obj/blinky_FreeRTOS_pca10056/nrfx_clock.o
 .debug_pubtypes
                0x000000000000163e      0x2f2 Output/Release/Obj/blinky_FreeRTOS_pca10056/nrfx_gpiote.o
 .debug_pubtypes
                0x0000000000001930      0x142 Output/Release/Obj/blinky_FreeRTOS_pca10056/main.o
 .debug_pubtypes
                0x0000000000001a72      0x1bb Output/Release/Obj/blinky_FreeRTOS_pca10056/system_nrf52840.o

.debug_macro    0x0000000000000000     0x34c1
 .debug_macro   0x0000000000000000      0x225 Output/Release/Obj/blinky_FreeRTOS_pca10056/boards.o
 .debug_macro   0x0000000000000225       0x1c Output/Release/Obj/blinky_FreeRTOS_pca10056/boards.o
 .debug_macro   0x0000000000000241       0x26 Output/Release/Obj/blinky_FreeRTOS_pca10056/boards.o
 .debug_macro   0x0000000000000267      0x430 Output/Release/Obj/blinky_FreeRTOS_pca10056/boards.o
 .debug_macro   0x0000000000000697       0x59 Output/Release/Obj/blinky_FreeRTOS_pca10056/boards.o
 .debug_macro   0x00000000000006f0       0xd5 Output/Release/Obj/blinky_FreeRTOS_pca10056/boards.o
 .debug_macro   0x00000000000007c5      0x154 Output/Release/Obj/blinky_FreeRTOS_pca10056/boards.o
 .debug_macro   0x0000000000000919       0x3f Output/Release/Obj/blinky_FreeRTOS_pca10056/boards.o
 .debug_macro   0x0000000000000958       0x72 Output/Release/Obj/blinky_FreeRTOS_pca10056/boards.o
 .debug_macro   0x00000000000009ca       0x49 Output/Release/Obj/blinky_FreeRTOS_pca10056/boards.o
 .debug_macro   0x0000000000000a13       0x8c Output/Release/Obj/blinky_FreeRTOS_pca10056/boards.o
 .debug_macro   0x0000000000000a9f       0x19 Output/Release/Obj/blinky_FreeRTOS_pca10056/boards.o
 .debug_macro   0x0000000000000ab8       0x1d Output/Release/Obj/blinky_FreeRTOS_pca10056/boards.o
 .debug_macro   0x0000000000000ad5       0x35 Output/Release/Obj/blinky_FreeRTOS_pca10056/boards.o
 .debug_macro   0x0000000000000b0a       0x7b Output/Release/Obj/blinky_FreeRTOS_pca10056/boards.o
 .debug_macro   0x0000000000000b85       0x64 Output/Release/Obj/blinky_FreeRTOS_pca10056/boards.o
 .debug_macro   0x0000000000000be9       0x20 Output/Release/Obj/blinky_FreeRTOS_pca10056/boards.o
 .debug_macro   0x0000000000000c09       0x16 Output/Release/Obj/blinky_FreeRTOS_pca10056/boards.o
 .debug_macro   0x0000000000000c1f      0x208 Output/Release/Obj/blinky_FreeRTOS_pca10056/boards.o
 .debug_macro   0x0000000000000e27      0x16d Output/Release/Obj/blinky_FreeRTOS_pca10056/boards.o
 .debug_macro   0x0000000000000f94      0x1d0 Output/Release/Obj/blinky_FreeRTOS_pca10056/heap_1.o
 .debug_macro   0x0000000000001164      0x1af Output/Release/Obj/blinky_FreeRTOS_pca10056/list.o
 .debug_macro   0x0000000000001313      0x1b5 Output/Release/Obj/blinky_FreeRTOS_pca10056/port.o
 .debug_macro   0x00000000000014c8      0x1df Output/Release/Obj/blinky_FreeRTOS_pca10056/port_cmsis.o
 .debug_macro   0x00000000000016a7      0x2a6 Output/Release/Obj/blinky_FreeRTOS_pca10056/port_cmsis_systick.o
 .debug_macro   0x000000000000194d       0x45 Output/Release/Obj/blinky_FreeRTOS_pca10056/port_cmsis_systick.o
 .debug_macro   0x0000000000001992       0x28 Output/Release/Obj/blinky_FreeRTOS_pca10056/port_cmsis_systick.o
 .debug_macro   0x00000000000019ba       0x16 Output/Release/Obj/blinky_FreeRTOS_pca10056/port_cmsis_systick.o
 .debug_macro   0x00000000000019d0       0x10 Output/Release/Obj/blinky_FreeRTOS_pca10056/port_cmsis_systick.o
 .debug_macro   0x00000000000019e0      0x214 Output/Release/Obj/blinky_FreeRTOS_pca10056/queue.o
 .debug_macro   0x0000000000001bf4       0x86 Output/Release/Obj/blinky_FreeRTOS_pca10056/queue.o
 .debug_macro   0x0000000000001c7a      0x27c Output/Release/Obj/blinky_FreeRTOS_pca10056/tasks.o
 .debug_macro   0x0000000000001ef6       0x10 Output/Release/Obj/blinky_FreeRTOS_pca10056/tasks.o
 .debug_macro   0x0000000000001f06      0x1f2 Output/Release/Obj/blinky_FreeRTOS_pca10056/timers.o
 .debug_macro   0x00000000000020f8      0x109 Output/Release/Obj/blinky_FreeRTOS_pca10056/app_error.o
 .debug_macro   0x0000000000002201       0x35 Output/Release/Obj/blinky_FreeRTOS_pca10056/app_error.o
 .debug_macro   0x0000000000002236       0x78 Output/Release/Obj/blinky_FreeRTOS_pca10056/app_error.o
 .debug_macro   0x00000000000022ae      0x202 Output/Release/Obj/blinky_FreeRTOS_pca10056/app_error_weak.o
 .debug_macro   0x00000000000024b0       0x31 Output/Release/Obj/blinky_FreeRTOS_pca10056/app_error_weak.o
 .debug_macro   0x00000000000024e1       0x16 Output/Release/Obj/blinky_FreeRTOS_pca10056/app_error_weak.o
 .debug_macro   0x00000000000024f7      0x17f Output/Release/Obj/blinky_FreeRTOS_pca10056/app_error_weak.o
 .debug_macro   0x0000000000002676       0x28 Output/Release/Obj/blinky_FreeRTOS_pca10056/app_error_weak.o
 .debug_macro   0x000000000000269e       0x23 Output/Release/Obj/blinky_FreeRTOS_pca10056/app_error_weak.o
 .debug_macro   0x00000000000026c1       0x1c Output/Release/Obj/blinky_FreeRTOS_pca10056/app_error_weak.o
 .debug_macro   0x00000000000026dd      0x11f Output/Release/Obj/blinky_FreeRTOS_pca10056/app_util_platform.o
 .debug_macro   0x00000000000027fc      0x2d9 Output/Release/Obj/blinky_FreeRTOS_pca10056/nrf_drv_clock.o
 .debug_macro   0x0000000000002ad5      0x2b7 Output/Release/Obj/blinky_FreeRTOS_pca10056/nrfx_clock.o
 .debug_macro   0x0000000000002d8c       0x1c Output/Release/Obj/blinky_FreeRTOS_pca10056/nrfx_clock.o
 .debug_macro   0x0000000000002da8       0x42 Output/Release/Obj/blinky_FreeRTOS_pca10056/nrfx_clock.o
 .debug_macro   0x0000000000002dea      0x2ef Output/Release/Obj/blinky_FreeRTOS_pca10056/nrfx_gpiote.o
 .debug_macro   0x00000000000030d9       0x1c Output/Release/Obj/blinky_FreeRTOS_pca10056/nrfx_gpiote.o
 .debug_macro   0x00000000000030f5       0x16 Output/Release/Obj/blinky_FreeRTOS_pca10056/nrfx_gpiote.o
 .debug_macro   0x000000000000310b      0x2ff Output/Release/Obj/blinky_FreeRTOS_pca10056/main.o
 .debug_macro   0x000000000000340a       0xb7 Output/Release/Obj/blinky_FreeRTOS_pca10056/system_nrf52840.o
